[0.166s] DEBUG:colcon:Command line arguments: ['/usr/bin/colcon', 'build', '--symlink-install', '--packages-select', 'visual_navigation_robot']
[0.166s] DEBUG:colcon:Parsed command line arguments: Namespace(log_base=None, log_level=None, verb_name='build', build_base='build', install_base='install', merge_install=False, symlink_install=True, test_result_base=None, continue_on_error=False, executor='parallel', parallel_workers=8, event_handlers=None, ignore_user_meta=False, metas=['./colcon.meta'], base_paths=['.'], packages_ignore=None, packages_ignore_regex=None, paths=None, packages_up_to=None, packages_up_to_regex=None, packages_above=None, packages_above_and_dependencies=None, packages_above_depth=None, packages_select_by_dep=None, packages_skip_by_dep=None, packages_skip_up_to=None, packages_select_build_failed=False, packages_skip_build_finished=False, packages_select_test_failures=False, packages_skip_test_passed=False, packages_select=['visual_navigation_robot'], packages_skip=None, packages_select_regex=None, packages_skip_regex=None, packages_start=None, packages_end=None, allow_overriding=[], cmake_args=None, cmake_target=None, cmake_target_skip_unavailable=False, cmake_clean_cache=False, cmake_clean_first=False, cmake_force_configure=False, ament_cmake_args=None, catkin_cmake_args=None, catkin_skip_building_tests=False, mixin_files=None, mixin=None, verb_parser=<colcon_mixin.mixin.mixin_argument.MixinArgumentDecorator object at 0x7b63500577d0>, verb_extension=<colcon_core.verb.build.BuildVerb object at 0x7b63501d7b00>, main=<bound method BuildVerb.main of <colcon_core.verb.build.BuildVerb object at 0x7b63501d7b00>>, mixin_verb=('build',))
[0.222s] Level 1:colcon.colcon_core.package_discovery:discover_packages(colcon_meta) check parameters
[0.223s] Level 1:colcon.colcon_core.package_discovery:discover_packages(recursive) check parameters
[0.223s] Level 1:colcon.colcon_core.package_discovery:discover_packages(ignore) check parameters
[0.223s] Level 1:colcon.colcon_core.package_discovery:discover_packages(path) check parameters
[0.223s] Level 1:colcon.colcon_core.package_discovery:discover_packages(colcon_meta) discover
[0.223s] Level 1:colcon.colcon_core.package_discovery:discover_packages(recursive) discover
[0.223s] INFO:colcon.colcon_core.package_discovery:Crawling recursively for packages in '/home/minat/robust-visual-navigation'
[0.223s] Level 1:colcon.colcon_core.package_identification:_identify(.) by extensions ['ignore', 'ignore_ament_install']
[0.223s] Level 1:colcon.colcon_core.package_identification:_identify(.) by extension 'ignore'
[0.223s] Level 1:colcon.colcon_core.package_identification:_identify(.) by extension 'ignore_ament_install'
[0.223s] Level 1:colcon.colcon_core.package_identification:_identify(.) by extensions ['colcon_pkg']
[0.223s] Level 1:colcon.colcon_core.package_identification:_identify(.) by extension 'colcon_pkg'
[0.223s] Level 1:colcon.colcon_core.package_identification:_identify(.) by extensions ['colcon_meta']
[0.223s] Level 1:colcon.colcon_core.package_identification:_identify(.) by extension 'colcon_meta'
[0.223s] Level 1:colcon.colcon_core.package_identification:_identify(.) by extensions ['ros']
[0.223s] Level 1:colcon.colcon_core.package_identification:_identify(.) by extension 'ros'
[0.256s] Level 1:colcon.colcon_core.package_identification:_identify(.) by extensions ['cmake', 'python']
[0.256s] Level 1:colcon.colcon_core.package_identification:_identify(.) by extension 'cmake'
[0.256s] Level 1:colcon.colcon_core.package_identification:_identify(.) by extension 'python'
[0.256s] Level 1:colcon.colcon_core.package_identification:_identify(.) by extensions ['python_setup_py']
[0.256s] Level 1:colcon.colcon_core.package_identification:_identify(.) by extension 'python_setup_py'
[0.256s] Level 1:colcon.colcon_core.package_identification:_identify(build) by extensions ['ignore', 'ignore_ament_install']
[0.256s] Level 1:colcon.colcon_core.package_identification:_identify(build) by extension 'ignore'
[0.256s] Level 1:colcon.colcon_core.package_identification:_identify(build) ignored
[0.257s] Level 1:colcon.colcon_core.package_identification:_identify(docs) by extensions ['ignore', 'ignore_ament_install']
[0.257s] Level 1:colcon.colcon_core.package_identification:_identify(docs) by extension 'ignore'
[0.257s] Level 1:colcon.colcon_core.package_identification:_identify(docs) by extension 'ignore_ament_install'
[0.257s] Level 1:colcon.colcon_core.package_identification:_identify(docs) by extensions ['colcon_pkg']
[0.257s] Level 1:colcon.colcon_core.package_identification:_identify(docs) by extension 'colcon_pkg'
[0.257s] Level 1:colcon.colcon_core.package_identification:_identify(docs) by extensions ['colcon_meta']
[0.257s] Level 1:colcon.colcon_core.package_identification:_identify(docs) by extension 'colcon_meta'
[0.257s] Level 1:colcon.colcon_core.package_identification:_identify(docs) by extensions ['ros']
[0.257s] Level 1:colcon.colcon_core.package_identification:_identify(docs) by extension 'ros'
[0.257s] Level 1:colcon.colcon_core.package_identification:_identify(docs) by extensions ['cmake', 'python']
[0.257s] Level 1:colcon.colcon_core.package_identification:_identify(docs) by extension 'cmake'
[0.257s] Level 1:colcon.colcon_core.package_identification:_identify(docs) by extension 'python'
[0.257s] Level 1:colcon.colcon_core.package_identification:_identify(docs) by extensions ['python_setup_py']
[0.257s] Level 1:colcon.colcon_core.package_identification:_identify(docs) by extension 'python_setup_py'
[0.257s] Level 1:colcon.colcon_core.package_identification:_identify(experiments) by extensions ['ignore', 'ignore_ament_install']
[0.257s] Level 1:colcon.colcon_core.package_identification:_identify(experiments) by extension 'ignore'
[0.258s] Level 1:colcon.colcon_core.package_identification:_identify(experiments) by extension 'ignore_ament_install'
[0.258s] Level 1:colcon.colcon_core.package_identification:_identify(experiments) by extensions ['colcon_pkg']
[0.258s] Level 1:colcon.colcon_core.package_identification:_identify(experiments) by extension 'colcon_pkg'
[0.258s] Level 1:colcon.colcon_core.package_identification:_identify(experiments) by extensions ['colcon_meta']
[0.258s] Level 1:colcon.colcon_core.package_identification:_identify(experiments) by extension 'colcon_meta'
[0.258s] Level 1:colcon.colcon_core.package_identification:_identify(experiments) by extensions ['ros']
[0.258s] Level 1:colcon.colcon_core.package_identification:_identify(experiments) by extension 'ros'
[0.258s] Level 1:colcon.colcon_core.package_identification:_identify(experiments) by extensions ['cmake', 'python']
[0.258s] Level 1:colcon.colcon_core.package_identification:_identify(experiments) by extension 'cmake'
[0.258s] Level 1:colcon.colcon_core.package_identification:_identify(experiments) by extension 'python'
[0.258s] Level 1:colcon.colcon_core.package_identification:_identify(experiments) by extensions ['python_setup_py']
[0.258s] Level 1:colcon.colcon_core.package_identification:_identify(experiments) by extension 'python_setup_py'
[0.258s] Level 1:colcon.colcon_core.package_identification:_identify(experiments/models) by extensions ['ignore', 'ignore_ament_install']
[0.258s] Level 1:colcon.colcon_core.package_identification:_identify(experiments/models) by extension 'ignore'
[0.258s] Level 1:colcon.colcon_core.package_identification:_identify(experiments/models) by extension 'ignore_ament_install'
[0.258s] Level 1:colcon.colcon_core.package_identification:_identify(experiments/models) by extensions ['colcon_pkg']
[0.258s] Level 1:colcon.colcon_core.package_identification:_identify(experiments/models) by extension 'colcon_pkg'
[0.258s] Level 1:colcon.colcon_core.package_identification:_identify(experiments/models) by extensions ['colcon_meta']
[0.258s] Level 1:colcon.colcon_core.package_identification:_identify(experiments/models) by extension 'colcon_meta'
[0.259s] Level 1:colcon.colcon_core.package_identification:_identify(experiments/models) by extensions ['ros']
[0.259s] Level 1:colcon.colcon_core.package_identification:_identify(experiments/models) by extension 'ros'
[0.259s] Level 1:colcon.colcon_core.package_identification:_identify(experiments/models) by extensions ['cmake', 'python']
[0.259s] Level 1:colcon.colcon_core.package_identification:_identify(experiments/models) by extension 'cmake'
[0.259s] Level 1:colcon.colcon_core.package_identification:_identify(experiments/models) by extension 'python'
[0.259s] Level 1:colcon.colcon_core.package_identification:_identify(experiments/models) by extensions ['python_setup_py']
[0.259s] Level 1:colcon.colcon_core.package_identification:_identify(experiments/models) by extension 'python_setup_py'
[0.259s] Level 1:colcon.colcon_core.package_identification:_identify(experiments/raw) by extensions ['ignore', 'ignore_ament_install']
[0.259s] Level 1:colcon.colcon_core.package_identification:_identify(experiments/raw) by extension 'ignore'
[0.259s] Level 1:colcon.colcon_core.package_identification:_identify(experiments/raw) by extension 'ignore_ament_install'
[0.259s] Level 1:colcon.colcon_core.package_identification:_identify(experiments/raw) by extensions ['colcon_pkg']
[0.259s] Level 1:colcon.colcon_core.package_identification:_identify(experiments/raw) by extension 'colcon_pkg'
[0.259s] Level 1:colcon.colcon_core.package_identification:_identify(experiments/raw) by extensions ['colcon_meta']
[0.259s] Level 1:colcon.colcon_core.package_identification:_identify(experiments/raw) by extension 'colcon_meta'
[0.259s] Level 1:colcon.colcon_core.package_identification:_identify(experiments/raw) by extensions ['ros']
[0.259s] Level 1:colcon.colcon_core.package_identification:_identify(experiments/raw) by extension 'ros'
[0.259s] Level 1:colcon.colcon_core.package_identification:_identify(experiments/raw) by extensions ['cmake', 'python']
[0.259s] Level 1:colcon.colcon_core.package_identification:_identify(experiments/raw) by extension 'cmake'
[0.259s] Level 1:colcon.colcon_core.package_identification:_identify(experiments/raw) by extension 'python'
[0.260s] Level 1:colcon.colcon_core.package_identification:_identify(experiments/raw) by extensions ['python_setup_py']
[0.260s] Level 1:colcon.colcon_core.package_identification:_identify(experiments/raw) by extension 'python_setup_py'
[0.260s] Level 1:colcon.colcon_core.package_identification:_identify(experiments/tables) by extensions ['ignore', 'ignore_ament_install']
[0.260s] Level 1:colcon.colcon_core.package_identification:_identify(experiments/tables) by extension 'ignore'
[0.260s] Level 1:colcon.colcon_core.package_identification:_identify(experiments/tables) by extension 'ignore_ament_install'
[0.260s] Level 1:colcon.colcon_core.package_identification:_identify(experiments/tables) by extensions ['colcon_pkg']
[0.260s] Level 1:colcon.colcon_core.package_identification:_identify(experiments/tables) by extension 'colcon_pkg'
[0.260s] Level 1:colcon.colcon_core.package_identification:_identify(experiments/tables) by extensions ['colcon_meta']
[0.260s] Level 1:colcon.colcon_core.package_identification:_identify(experiments/tables) by extension 'colcon_meta'
[0.260s] Level 1:colcon.colcon_core.package_identification:_identify(experiments/tables) by extensions ['ros']
[0.260s] Level 1:colcon.colcon_core.package_identification:_identify(experiments/tables) by extension 'ros'
[0.260s] Level 1:colcon.colcon_core.package_identification:_identify(experiments/tables) by extensions ['cmake', 'python']
[0.260s] Level 1:colcon.colcon_core.package_identification:_identify(experiments/tables) by extension 'cmake'
[0.260s] Level 1:colcon.colcon_core.package_identification:_identify(experiments/tables) by extension 'python'
[0.260s] Level 1:colcon.colcon_core.package_identification:_identify(experiments/tables) by extensions ['python_setup_py']
[0.260s] Level 1:colcon.colcon_core.package_identification:_identify(experiments/tables) by extension 'python_setup_py'
[0.260s] Level 1:colcon.colcon_core.package_identification:_identify(install) by extensions ['ignore', 'ignore_ament_install']
[0.261s] Level 1:colcon.colcon_core.package_identification:_identify(install) by extension 'ignore'
[0.261s] Level 1:colcon.colcon_core.package_identification:_identify(install) ignored
[0.261s] Level 1:colcon.colcon_core.package_identification:_identify(log) by extensions ['ignore', 'ignore_ament_install']
[0.261s] Level 1:colcon.colcon_core.package_identification:_identify(log) by extension 'ignore'
[0.261s] Level 1:colcon.colcon_core.package_identification:_identify(log) ignored
[0.261s] Level 1:colcon.colcon_core.package_identification:_identify(src) by extensions ['ignore', 'ignore_ament_install']
[0.261s] Level 1:colcon.colcon_core.package_identification:_identify(src) by extension 'ignore'
[0.261s] Level 1:colcon.colcon_core.package_identification:_identify(src) by extension 'ignore_ament_install'
[0.261s] Level 1:colcon.colcon_core.package_identification:_identify(src) by extensions ['colcon_pkg']
[0.261s] Level 1:colcon.colcon_core.package_identification:_identify(src) by extension 'colcon_pkg'
[0.261s] Level 1:colcon.colcon_core.package_identification:_identify(src) by extensions ['colcon_meta']
[0.261s] Level 1:colcon.colcon_core.package_identification:_identify(src) by extension 'colcon_meta'
[0.261s] Level 1:colcon.colcon_core.package_identification:_identify(src) by extensions ['ros']
[0.261s] Level 1:colcon.colcon_core.package_identification:_identify(src) by extension 'ros'
[0.261s] Level 1:colcon.colcon_core.package_identification:_identify(src) by extensions ['cmake', 'python']
[0.261s] Level 1:colcon.colcon_core.package_identification:_identify(src) by extension 'cmake'
[0.261s] Level 1:colcon.colcon_core.package_identification:_identify(src) by extension 'python'
[0.262s] Level 1:colcon.colcon_core.package_identification:_identify(src) by extensions ['python_setup_py']
[0.262s] Level 1:colcon.colcon_core.package_identification:_identify(src) by extension 'python_setup_py'
[0.262s] Level 1:colcon.colcon_core.package_identification:_identify(src/visual_navigation_robot) by extensions ['ignore', 'ignore_ament_install']
[0.262s] Level 1:colcon.colcon_core.package_identification:_identify(src/visual_navigation_robot) by extension 'ignore'
[0.262s] Level 1:colcon.colcon_core.package_identification:_identify(src/visual_navigation_robot) by extension 'ignore_ament_install'
[0.262s] Level 1:colcon.colcon_core.package_identification:_identify(src/visual_navigation_robot) by extensions ['colcon_pkg']
[0.262s] Level 1:colcon.colcon_core.package_identification:_identify(src/visual_navigation_robot) by extension 'colcon_pkg'
[0.262s] Level 1:colcon.colcon_core.package_identification:_identify(src/visual_navigation_robot) by extensions ['colcon_meta']
[0.262s] Level 1:colcon.colcon_core.package_identification:_identify(src/visual_navigation_robot) by extension 'colcon_meta'
[0.262s] Level 1:colcon.colcon_core.package_identification:_identify(src/visual_navigation_robot) by extensions ['ros']
[0.262s] Level 1:colcon.colcon_core.package_identification:_identify(src/visual_navigation_robot) by extension 'ros'
[0.265s] DEBUG:colcon.colcon_core.package_identification:Package 'src/visual_navigation_robot' with type 'ros.ament_python' and name 'visual_navigation_robot'
[0.265s] Level 1:colcon.colcon_core.package_discovery:discover_packages(recursive) using defaults
[0.266s] Level 1:colcon.colcon_core.package_discovery:discover_packages(ignore) discover
[0.266s] Level 1:colcon.colcon_core.package_discovery:discover_packages(ignore) using defaults
[0.266s] Level 1:colcon.colcon_core.package_discovery:discover_packages(path) discover
[0.266s] Level 1:colcon.colcon_core.package_discovery:discover_packages(path) using defaults
[0.288s] Level 1:colcon.colcon_core.package_discovery:discover_packages(prefix_path) check parameters
[0.288s] Level 1:colcon.colcon_core.package_discovery:discover_packages(prefix_path) discover
[0.290s] DEBUG:colcon.colcon_installed_package_information.package_discovery:Found 1 installed packages in /home/minat/robust-visual-navigation/install
[0.292s] DEBUG:colcon.colcon_installed_package_information.package_discovery:Found 329 installed packages in /opt/ros/kilted
[0.293s] Level 1:colcon.colcon_core.package_discovery:discover_packages(prefix_path) using defaults
[0.358s] Level 5:colcon.colcon_core.verb:set package 'visual_navigation_robot' build argument 'cmake_args' from command line to 'None'
[0.358s] Level 5:colcon.colcon_core.verb:set package 'visual_navigation_robot' build argument 'cmake_target' from command line to 'None'
[0.358s] Level 5:colcon.colcon_core.verb:set package 'visual_navigation_robot' build argument 'cmake_target_skip_unavailable' from command line to 'False'
[0.358s] Level 5:colcon.colcon_core.verb:set package 'visual_navigation_robot' build argument 'cmake_clean_cache' from command line to 'False'
[0.358s] Level 5:colcon.colcon_core.verb:set package 'visual_navigation_robot' build argument 'cmake_clean_first' from command line to 'False'
[0.358s] Level 5:colcon.colcon_core.verb:set package 'visual_navigation_robot' build argument 'cmake_force_configure' from command line to 'False'
[0.358s] Level 5:colcon.colcon_core.verb:set package 'visual_navigation_robot' build argument 'ament_cmake_args' from command line to 'None'
[0.358s] Level 5:colcon.colcon_core.verb:set package 'visual_navigation_robot' build argument 'catkin_cmake_args' from command line to 'None'
[0.358s] Level 5:colcon.colcon_core.verb:set package 'visual_navigation_robot' build argument 'catkin_skip_building_tests' from command line to 'False'
[0.358s] DEBUG:colcon.colcon_core.verb:Building package 'visual_navigation_robot' with the following arguments: {'ament_cmake_args': None, 'build_base': '/home/minat/robust-visual-navigation/build/visual_navigation_robot', 'catkin_cmake_args': None, 'catkin_skip_building_tests': False, 'cmake_args': None, 'cmake_clean_cache': False, 'cmake_clean_first': False, 'cmake_force_configure': False, 'cmake_target': None, 'cmake_target_skip_unavailable': False, 'install_base': '/home/minat/robust-visual-navigation/install/visual_navigation_robot', 'merge_install': False, 'path': '/home/minat/robust-visual-navigation/src/visual_navigation_robot', 'symlink_install': True, 'test_result_base': None}
[0.359s] INFO:colcon.colcon_core.executor:Executing jobs using 'parallel' executor
[0.360s] DEBUG:colcon.colcon_parallel_executor.executor.parallel:run_until_complete
[0.360s] INFO:colcon.colcon_ros.task.ament_python.build:Building ROS package in '/home/minat/robust-visual-navigation/src/visual_navigation_robot' with build type 'ament_python'
[0.361s] Level 1:colcon.colcon_core.shell:create_environment_hook('visual_navigation_robot', 'ament_prefix_path')
[0.364s] INFO:colcon.colcon_core.plugin_system:Skipping extension 'colcon_core.shell.bat': Not used on non-Windows systems
[0.364s] INFO:colcon.colcon_core.shell:Creating environment hook '/home/minat/robust-visual-navigation/install/visual_navigation_robot/share/visual_navigation_robot/hook/ament_prefix_path.ps1'
[0.365s] INFO:colcon.colcon_core.shell:Creating environment descriptor '/home/minat/robust-visual-navigation/install/visual_navigation_robot/share/visual_navigation_robot/hook/ament_prefix_path.dsv'
[0.366s] INFO:colcon.colcon_core.shell:Creating environment hook '/home/minat/robust-visual-navigation/install/visual_navigation_robot/share/visual_navigation_robot/hook/ament_prefix_path.sh'
[0.367s] INFO:colcon.colcon_core.shell:Skip shell extension 'powershell' for command environment: Not usable outside of PowerShell
[0.367s] DEBUG:colcon.colcon_core.shell:Skip shell extension 'dsv' for command environment
[0.739s] INFO:colcon.colcon_core.task.python.build:Building Python package in '/home/minat/robust-visual-navigation/src/visual_navigation_robot'
[0.739s] INFO:colcon.colcon_core.shell:Skip shell extension 'powershell' for command environment: Not usable outside of PowerShell
[0.739s] DEBUG:colcon.colcon_core.shell:Skip shell extension 'dsv' for command environment
[1.518s] DEBUG:colcon.colcon_core.task.python.build:Available setuptools commands: bdist, build_clib, develop, register, upload, rotate, install_egg_info, install_data, setopt, build_py, install_lib, build, dist_info, egg_info, alias, extract_messages, build_ext, bdist_egg, install_headers, install_scripts, update_catalog, check, clean, saveopts, sdist, install, compile_catalog, upload_docs, init_catalog, easy_install, test, symlink_data, bdist_rpm, build_scripts, bdist_dumb, editable_wheel, bdist_wheel
[1.935s] DEBUG:colcon.colcon_core.task.python.build:Available setuptools 'develop' options: --user, --no-deps, --egg-path, --local-snapshots-ok, --help, --upgrade, --install-dir, --script-dir, --prefix, --always-unzip, --no-user-cfg, --uninstall, --optimize, --no-find-links, --allow-hosts, --always-copy, --dry-run, --force-installation-into-system-dir, --zip-ok, --find-links, --build-directory, --index-url, --multi-version, --editable, --install-layout, --record, --site-dirs, --verbose, --exclude-scripts, --quiet, --version
[1.938s] DEBUG:colcon.colcon_core.event_handler.log_command:Invoking command in '/home/minat/robust-visual-navigation/build/visual_navigation_robot': DEBUGINFOD_URLS=https://debuginfod.ubuntu.com PYTHONPATH=/home/minat/robust-visual-navigation/build/visual_navigation_robot/prefix_override:/usr/lib/python3/dist-packages/colcon_core/task/python/colcon_distutils_commands:/home/minat/robust-visual-navigation/install/visual_navigation_robot/lib/python3.12/site-packages:${PYTHONPATH} /usr/bin/python3 -W ignore:setup.py install is deprecated -W ignore:easy_install command is deprecated setup.py develop --editable --build-directory /home/minat/robust-visual-navigation/build/visual_navigation_robot/build --no-deps symlink_data
[2.847s] Level 1:colcon.colcon_core.shell:create_environment_hook('visual_navigation_robot', 'pythonpath_develop')
[2.847s] INFO:colcon.colcon_core.shell:Creating environment hook '/home/minat/robust-visual-navigation/build/visual_navigation_robot/share/visual_navigation_robot/hook/pythonpath_develop.ps1'
[2.848s] DEBUG:colcon.colcon_core.event_handler.log_command:Invoked command in '/home/minat/robust-visual-navigation/build/visual_navigation_robot' returned '0': DEBUGINFOD_URLS=https://debuginfod.ubuntu.com PYTHONPATH=/home/minat/robust-visual-navigation/build/visual_navigation_robot/prefix_override:/usr/lib/python3/dist-packages/colcon_core/task/python/colcon_distutils_commands:/home/minat/robust-visual-navigation/install/visual_navigation_robot/lib/python3.12/site-packages:${PYTHONPATH} /usr/bin/python3 -W ignore:setup.py install is deprecated -W ignore:easy_install command is deprecated setup.py develop --editable --build-directory /home/minat/robust-visual-navigation/build/visual_navigation_robot/build --no-deps symlink_data
[2.849s] INFO:colcon.colcon_core.shell:Creating environment descriptor '/home/minat/robust-visual-navigation/build/visual_navigation_robot/share/visual_navigation_robot/hook/pythonpath_develop.dsv'
[2.850s] INFO:colcon.colcon_core.shell:Creating environment hook '/home/minat/robust-visual-navigation/build/visual_navigation_robot/share/visual_navigation_robot/hook/pythonpath_develop.sh'
[2.856s] Level 1:colcon.colcon_core.environment:checking '/home/minat/robust-visual-navigation/install/visual_navigation_robot' for CMake module files
[2.857s] Level 1:colcon.colcon_core.environment:checking '/home/minat/robust-visual-navigation/install/visual_navigation_robot' for CMake config files
[2.859s] Level 1:colcon.colcon_core.environment:checking '/home/minat/robust-visual-navigation/install/visual_navigation_robot/lib'
[2.859s] Level 1:colcon.colcon_core.environment:checking '/home/minat/robust-visual-navigation/install/visual_navigation_robot/bin'
[2.860s] Level 1:colcon.colcon_core.environment:checking '/home/minat/robust-visual-navigation/install/visual_navigation_robot/lib/pkgconfig/visual_navigation_robot.pc'
[2.860s] Level 1:colcon.colcon_core.environment:checking '/home/minat/robust-visual-navigation/install/visual_navigation_robot/lib/python3.12/site-packages'
[2.860s] Level 1:colcon.colcon_core.shell:create_environment_hook('visual_navigation_robot', 'pythonpath')
[2.861s] INFO:colcon.colcon_core.shell:Creating environment hook '/home/minat/robust-visual-navigation/install/visual_navigation_robot/share/visual_navigation_robot/hook/pythonpath.ps1'
[2.862s] INFO:colcon.colcon_core.shell:Creating environment descriptor '/home/minat/robust-visual-navigation/install/visual_navigation_robot/share/visual_navigation_robot/hook/pythonpath.dsv'
[2.863s] INFO:colcon.colcon_core.shell:Creating environment hook '/home/minat/robust-visual-navigation/install/visual_navigation_robot/share/visual_navigation_robot/hook/pythonpath.sh'
[2.865s] Level 1:colcon.colcon_core.environment:checking '/home/minat/robust-visual-navigation/install/visual_navigation_robot/bin'
[2.866s] Level 1:colcon.colcon_core.environment:create_environment_scripts_only(visual_navigation_robot)
[2.867s] INFO:colcon.colcon_core.shell:Creating package script '/home/minat/robust-visual-navigation/install/visual_navigation_robot/share/visual_navigation_robot/package.ps1'
[2.872s] INFO:colcon.colcon_core.shell:Creating package descriptor '/home/minat/robust-visual-navigation/install/visual_navigation_robot/share/visual_navigation_robot/package.dsv'
[2.874s] INFO:colcon.colcon_core.shell:Creating package script '/home/minat/robust-visual-navigation/install/visual_navigation_robot/share/visual_navigation_robot/package.sh'
[2.877s] INFO:colcon.colcon_core.shell:Creating package script '/home/minat/robust-visual-navigation/install/visual_navigation_robot/share/visual_navigation_robot/package.bash'
[2.878s] INFO:colcon.colcon_core.shell:Creating package script '/home/minat/robust-visual-navigation/install/visual_navigation_robot/share/visual_navigation_robot/package.zsh'
[2.880s] Level 1:colcon.colcon_core.environment:create_file_with_runtime_dependencies(/home/minat/robust-visual-navigation/install/visual_navigation_robot/share/colcon-core/packages/visual_navigation_robot)
[2.880s] DEBUG:colcon.colcon_parallel_executor.executor.parallel:closing loop
[2.881s] DEBUG:colcon.colcon_parallel_executor.executor.parallel:loop closed
[2.881s] DEBUG:colcon.colcon_parallel_executor.executor.parallel:run_until_complete finished with '0'
[2.882s] DEBUG:colcon.colcon_core.event_reactor:joining thread
[2.895s] INFO:colcon.colcon_core.plugin_system:Skipping extension 'colcon_notification.desktop_notification.terminal_notifier': Not used on non-Darwin systems
[2.895s] INFO:colcon.colcon_core.plugin_system:Skipping extension 'colcon_notification.desktop_notification.win32': Not used on non-Windows systems
[2.895s] INFO:colcon.colcon_notification.desktop_notification:Sending desktop notification using 'notify2'
[2.930s] DEBUG:colcon.colcon_core.event_reactor:joined thread
[2.931s] INFO:colcon.colcon_core.shell:Creating prefix script '/home/minat/robust-visual-navigation/install/local_setup.ps1'
[2.933s] INFO:colcon.colcon_core.shell:Creating prefix util module '/home/minat/robust-visual-navigation/install/_local_setup_util_ps1.py'
[2.935s] INFO:colcon.colcon_core.shell:Creating prefix chain script '/home/minat/robust-visual-navigation/install/setup.ps1'
[2.938s] INFO:colcon.colcon_core.shell:Creating prefix script '/home/minat/robust-visual-navigation/install/local_setup.sh'
[2.939s] INFO:colcon.colcon_core.shell:Creating prefix util module '/home/minat/robust-visual-navigation/install/_local_setup_util_sh.py'
[2.940s] INFO:colcon.colcon_core.shell:Creating prefix chain script '/home/minat/robust-visual-navigation/install/setup.sh'
[2.942s] INFO:colcon.colcon_core.shell:Creating prefix script '/home/minat/robust-visual-navigation/install/local_setup.bash'
[2.942s] INFO:colcon.colcon_core.shell:Creating prefix chain script '/home/minat/robust-visual-navigation/install/setup.bash'
[2.945s] INFO:colcon.colcon_core.shell:Creating prefix script '/home/minat/robust-visual-navigation/install/local_setup.zsh'
[2.946s] INFO:colcon.colcon_core.shell:Creating prefix chain script '/home/minat/robust-visual-navigation/install/setup.zsh'
