[2.083s] Invoking command in '/home/minat/robust-visual-navigation/build/visual_navigation_robot': DEBUGINFOD_URLS=https://debuginfod.ubuntu.com PYTHONPATH=/home/minat/robust-visual-navigation/build/visual_navigation_robot/prefix_override:/usr/lib/python3/dist-packages/colcon_core/task/python/colcon_distutils_commands:/home/minat/robust-visual-navigation/install/visual_navigation_robot/lib/python3.12/site-packages:${PYTHONPATH} /usr/bin/python3 -W ignore:setup.py install is deprecated -W ignore:easy_install command is deprecated setup.py develop --editable --build-directory /home/minat/robust-visual-navigation/build/visual_navigation_robot/build --no-deps symlink_data
[2.601s] running develop
[2.976s] running egg_info
[3.013s] writing visual_navigation_robot.egg-info/PKG-INFO
[3.013s] writing dependency_links to visual_navigation_robot.egg-info/dependency_links.txt
[3.014s] writing entry points to visual_navigation_robot.egg-info/entry_points.txt
[3.014s] writing requirements to visual_navigation_robot.egg-info/requires.txt
[3.014s] writing top-level names to visual_navigation_robot.egg-info/top_level.txt
[3.123s] reading manifest file 'visual_navigation_robot.egg-info/SOURCES.txt'
[3.126s] writing manifest file 'visual_navigation_robot.egg-info/SOURCES.txt'
[3.181s] running build_ext
[3.181s] Creating /home/minat/robust-visual-navigation/install/visual_navigation_robot/lib/python3.12/site-packages/visual-navigation-robot.egg-link (link to .)
[3.182s] Installing experiment_logger script to /home/minat/robust-visual-navigation/install/visual_navigation_robot/lib/visual_navigation_robot
[3.182s] Installing ground_truth_publisher script to /home/minat/robust-visual-navigation/install/visual_navigation_robot/lib/visual_navigation_robot
[3.182s] Installing perception_node script to /home/minat/robust-visual-navigation/install/visual_navigation_robot/lib/visual_navigation_robot
[3.182s] Installing train_ppo script to /home/minat/robust-visual-navigation/install/visual_navigation_robot/lib/visual_navigation_robot
[3.183s] Installing visual_degradation_node script to /home/minat/robust-visual-navigation/install/visual_navigation_robot/lib/visual_navigation_robot
[3.183s] Installing visual_odometry_node script to /home/minat/robust-visual-navigation/install/visual_navigation_robot/lib/visual_navigation_robot
[3.183s] Installing waypoint_navigator script to /home/minat/robust-visual-navigation/install/visual_navigation_robot/lib/visual_navigation_robot
[3.183s] 
[3.183s] Installed /home/minat/robust-visual-navigation/build/visual_navigation_robot
[3.184s] running symlink_data
[3.241s] Invoked command in '/home/minat/robust-visual-navigation/build/visual_navigation_robot' returned '0': DEBUGINFOD_URLS=https://debuginfod.ubuntu.com PYTHONPATH=/home/minat/robust-visual-navigation/build/visual_navigation_robot/prefix_override:/usr/lib/python3/dist-packages/colcon_core/task/python/colcon_distutils_commands:/home/minat/robust-visual-navigation/install/visual_navigation_robot/lib/python3.12/site-packages:${PYTHONPATH} /usr/bin/python3 -W ignore:setup.py install is deprecated -W ignore:easy_install command is deprecated setup.py develop --editable --build-directory /home/minat/robust-visual-navigation/build/visual_navigation_robot/build --no-deps symlink_data
