[0.250s] DEBUG:colcon:Command line arguments: ['/usr/bin/colcon', 'build', '--symlink-install']
[0.250s] DEBUG:colcon:Parsed command line arguments: Namespace(log_base=None, log_level=None, verb_name='build', build_base='build', install_base='install', merge_install=False, symlink_install=True, test_result_base=None, continue_on_error=False, executor='parallel', parallel_workers=8, event_handlers=None, ignore_user_meta=False, metas=['./colcon.meta'], base_paths=['.'], packages_ignore=None, packages_ignore_regex=None, paths=None, packages_up_to=None, packages_up_to_regex=None, packages_above=None, packages_above_and_dependencies=None, packages_above_depth=None, packages_select_by_dep=None, packages_skip_by_dep=None, packages_skip_up_to=None, packages_select_build_failed=False, packages_skip_build_finished=False, packages_select_test_failures=False, packages_skip_test_passed=False, packages_select=None, packages_skip=None, packages_select_regex=None, packages_skip_regex=None, packages_start=None, packages_end=None, allow_overriding=[], cmake_args=None, cmake_target=None, cmake_target_skip_unavailable=False, cmake_clean_cache=False, cmake_clean_first=False, cmake_force_configure=False, ament_cmake_args=None, catkin_cmake_args=None, catkin_skip_building_tests=False, mixin_files=None, mixin=None, verb_parser=<colcon_mixin.mixin.mixin_argument.MixinArgumentDecorator object at 0x7b3033ba31d0>, verb_extension=<colcon_core.verb.build.BuildVerb object at 0x7b3033cee330>, main=<bound method BuildVerb.main of <colcon_core.verb.build.BuildVerb object at 0x7b3033cee330>>, mixin_verb=('build',))
[0.336s] Level 1:colcon.colcon_core.package_discovery:discover_packages(colcon_meta) check parameters
[0.336s] Level 1:colcon.colcon_core.package_discovery:discover_packages(recursive) check parameters
[0.336s] Level 1:colcon.colcon_core.package_discovery:discover_packages(ignore) check parameters
[0.336s] Level 1:colcon.colcon_core.package_discovery:discover_packages(path) check parameters
[0.336s] Level 1:colcon.colcon_core.package_discovery:discover_packages(colcon_meta) discover
[0.336s] Level 1:colcon.colcon_core.package_discovery:discover_packages(recursive) discover
[0.336s] INFO:colcon.colcon_core.package_discovery:Crawling recursively for packages in '/home/minat/robust-visual-navigation'
[0.336s] Level 1:colcon.colcon_core.package_identification:_identify(.) by extensions ['ignore', 'ignore_ament_install']
[0.337s] Level 1:colcon.colcon_core.package_identification:_identify(.) by extension 'ignore'
[0.337s] Level 1:colcon.colcon_core.package_identification:_identify(.) by extension 'ignore_ament_install'
[0.337s] Level 1:colcon.colcon_core.package_identification:_identify(.) by extensions ['colcon_pkg']
[0.337s] Level 1:colcon.colcon_core.package_identification:_identify(.) by extension 'colcon_pkg'
[0.337s] Level 1:colcon.colcon_core.package_identification:_identify(.) by extensions ['colcon_meta']
[0.337s] Level 1:colcon.colcon_core.package_identification:_identify(.) by extension 'colcon_meta'
[0.337s] Level 1:colcon.colcon_core.package_identification:_identify(.) by extensions ['ros']
[0.337s] Level 1:colcon.colcon_core.package_identification:_identify(.) by extension 'ros'
[0.392s] Level 1:colcon.colcon_core.package_identification:_identify(.) by extensions ['cmake', 'python']
[0.392s] Level 1:colcon.colcon_core.package_identification:_identify(.) by extension 'cmake'
[0.393s] Level 1:colcon.colcon_core.package_identification:_identify(.) by extension 'python'
[0.393s] Level 1:colcon.colcon_core.package_identification:_identify(.) by extensions ['python_setup_py']
[0.393s] Level 1:colcon.colcon_core.package_identification:_identify(.) by extension 'python_setup_py'
[0.394s] Level 1:colcon.colcon_core.package_identification:_identify(build) by extensions ['ignore', 'ignore_ament_install']
[0.394s] Level 1:colcon.colcon_core.package_identification:_identify(build) by extension 'ignore'
[0.394s] Level 1:colcon.colcon_core.package_identification:_identify(build) ignored
[0.394s] Level 1:colcon.colcon_core.package_identification:_identify(docs) by extensions ['ignore', 'ignore_ament_install']
[0.395s] Level 1:colcon.colcon_core.package_identification:_identify(docs) by extension 'ignore'
[0.395s] Level 1:colcon.colcon_core.package_identification:_identify(docs) by extension 'ignore_ament_install'
[0.395s] Level 1:colcon.colcon_core.package_identification:_identify(docs) by extensions ['colcon_pkg']
[0.395s] Level 1:colcon.colcon_core.package_identification:_identify(docs) by extension 'colcon_pkg'
[0.395s] Level 1:colcon.colcon_core.package_identification:_identify(docs) by extensions ['colcon_meta']
[0.395s] Level 1:colcon.colcon_core.package_identification:_identify(docs) by extension 'colcon_meta'
[0.395s] Level 1:colcon.colcon_core.package_identification:_identify(docs) by extensions ['ros']
[0.395s] Level 1:colcon.colcon_core.package_identification:_identify(docs) by extension 'ros'
[0.395s] Level 1:colcon.colcon_core.package_identification:_identify(docs) by extensions ['cmake', 'python']
[0.395s] Level 1:colcon.colcon_core.package_identification:_identify(docs) by extension 'cmake'
[0.396s] Level 1:colcon.colcon_core.package_identification:_identify(docs) by extension 'python'
[0.396s] Level 1:colcon.colcon_core.package_identification:_identify(docs) by extensions ['python_setup_py']
[0.396s] Level 1:colcon.colcon_core.package_identification:_identify(docs) by extension 'python_setup_py'
[0.396s] Level 1:colcon.colcon_core.package_identification:_identify(install) by extensions ['ignore', 'ignore_ament_install']
[0.396s] Level 1:colcon.colcon_core.package_identification:_identify(install) by extension 'ignore'
[0.396s] Level 1:colcon.colcon_core.package_identification:_identify(install) ignored
[0.396s] Level 1:colcon.colcon_core.package_identification:_identify(log) by extensions ['ignore', 'ignore_ament_install']
[0.397s] Level 1:colcon.colcon_core.package_identification:_identify(log) by extension 'ignore'
[0.397s] Level 1:colcon.colcon_core.package_identification:_identify(log) ignored
[0.398s] Level 1:colcon.colcon_core.package_identification:_identify(src) by extensions ['ignore', 'ignore_ament_install']
[0.399s] Level 1:colcon.colcon_core.package_identification:_identify(src) by extension 'ignore'
[0.399s] Level 1:colcon.colcon_core.package_identification:_identify(src) by extension 'ignore_ament_install'
[0.399s] Level 1:colcon.colcon_core.package_identification:_identify(src) by extensions ['colcon_pkg']
[0.399s] Level 1:colcon.colcon_core.package_identification:_identify(src) by extension 'colcon_pkg'
[0.399s] Level 1:colcon.colcon_core.package_identification:_identify(src) by extensions ['colcon_meta']
[0.399s] Level 1:colcon.colcon_core.package_identification:_identify(src) by extension 'colcon_meta'
[0.400s] Level 1:colcon.colcon_core.package_identification:_identify(src) by extensions ['ros']
[0.400s] Level 1:colcon.colcon_core.package_identification:_identify(src) by extension 'ros'
[0.400s] Level 1:colcon.colcon_core.package_identification:_identify(src) by extensions ['cmake', 'python']
[0.400s] Level 1:colcon.colcon_core.package_identification:_identify(src) by extension 'cmake'
[0.400s] Level 1:colcon.colcon_core.package_identification:_identify(src) by extension 'python'
[0.400s] Level 1:colcon.colcon_core.package_identification:_identify(src) by extensions ['python_setup_py']
[0.400s] Level 1:colcon.colcon_core.package_identification:_identify(src) by extension 'python_setup_py'
[0.400s] Level 1:colcon.colcon_core.package_identification:_identify(src/visual_navigation_robot) by extensions ['ignore', 'ignore_ament_install']
[0.401s] Level 1:colcon.colcon_core.package_identification:_identify(src/visual_navigation_robot) by extension 'ignore'
[0.401s] Level 1:colcon.colcon_core.package_identification:_identify(src/visual_navigation_robot) by extension 'ignore_ament_install'
[0.401s] Level 1:colcon.colcon_core.package_identification:_identify(src/visual_navigation_robot) by extensions ['colcon_pkg']
[0.401s] Level 1:colcon.colcon_core.package_identification:_identify(src/visual_navigation_robot) by extension 'colcon_pkg'
[0.401s] Level 1:colcon.colcon_core.package_identification:_identify(src/visual_navigation_robot) by extensions ['colcon_meta']
[0.401s] Level 1:colcon.colcon_core.package_identification:_identify(src/visual_navigation_robot) by extension 'colcon_meta'
[0.401s] Level 1:colcon.colcon_core.package_identification:_identify(src/visual_navigation_robot) by extensions ['ros']
[0.401s] Level 1:colcon.colcon_core.package_identification:_identify(src/visual_navigation_robot) by extension 'ros'
[0.408s] DEBUG:colcon.colcon_core.package_identification:Package 'src/visual_navigation_robot' with type 'ros.ament_python' and name 'visual_navigation_robot'
[0.408s] Level 1:colcon.colcon_core.package_discovery:discover_packages(recursive) using defaults
[0.408s] Level 1:colcon.colcon_core.package_discovery:discover_packages(ignore) discover
[0.408s] Level 1:colcon.colcon_core.package_discovery:discover_packages(ignore) using defaults
[0.408s] Level 1:colcon.colcon_core.package_discovery:discover_packages(path) discover
[0.408s] Level 1:colcon.colcon_core.package_discovery:discover_packages(path) using defaults
[0.453s] Level 1:colcon.colcon_core.package_discovery:discover_packages(prefix_path) check parameters
[0.454s] Level 1:colcon.colcon_core.package_discovery:discover_packages(prefix_path) discover
[0.462s] DEBUG:colcon.colcon_installed_package_information.package_discovery:Found 326 installed packages in /opt/ros/kilted
[0.467s] Level 1:colcon.colcon_core.package_discovery:discover_packages(prefix_path) using defaults
[0.581s] Level 5:colcon.colcon_core.verb:set package 'visual_navigation_robot' build argument 'cmake_args' from command line to 'None'
[0.581s] Level 5:colcon.colcon_core.verb:set package 'visual_navigation_robot' build argument 'cmake_target' from command line to 'None'
[0.581s] Level 5:colcon.colcon_core.verb:set package 'visual_navigation_robot' build argument 'cmake_target_skip_unavailable' from command line to 'False'
[0.581s] Level 5:colcon.colcon_core.verb:set package 'visual_navigation_robot' build argument 'cmake_clean_cache' from command line to 'False'
[0.581s] Level 5:colcon.colcon_core.verb:set package 'visual_navigation_robot' build argument 'cmake_clean_first' from command line to 'False'
[0.581s] Level 5:colcon.colcon_core.verb:set package 'visual_navigation_robot' build argument 'cmake_force_configure' from command line to 'False'
[0.581s] Level 5:colcon.colcon_core.verb:set package 'visual_navigation_robot' build argument 'ament_cmake_args' from command line to 'None'
[0.581s] Level 5:colcon.colcon_core.verb:set package 'visual_navigation_robot' build argument 'catkin_cmake_args' from command line to 'None'
[0.581s] Level 5:colcon.colcon_core.verb:set package 'visual_navigation_robot' build argument 'catkin_skip_building_tests' from command line to 'False'
[0.581s] DEBUG:colcon.colcon_core.verb:Building package 'visual_navigation_robot' with the following arguments: {'ament_cmake_args': None, 'build_base': '/home/minat/robust-visual-navigation/build/visual_navigation_robot', 'catkin_cmake_args': None, 'catkin_skip_building_tests': False, 'cmake_args': None, 'cmake_clean_cache': False, 'cmake_clean_first': False, 'cmake_force_configure': False, 'cmake_target': None, 'cmake_target_skip_unavailable': False, 'install_base': '/home/minat/robust-visual-navigation/install/visual_navigation_robot', 'merge_install': False, 'path': '/home/minat/robust-visual-navigation/src/visual_navigation_robot', 'symlink_install': True, 'test_result_base': None}
[0.582s] INFO:colcon.colcon_core.executor:Executing jobs using 'parallel' executor
[0.584s] DEBUG:colcon.colcon_parallel_executor.executor.parallel:run_until_complete
[0.585s] INFO:colcon.colcon_ros.task.ament_python.build:Building ROS package in '/home/minat/robust-visual-navigation/src/visual_navigation_robot' with build type 'ament_python'
[0.585s] Level 1:colcon.colcon_core.shell:create_environment_hook('visual_navigation_robot', 'ament_prefix_path')
[0.595s] INFO:colcon.colcon_core.plugin_system:Skipping extension 'colcon_core.shell.bat': Not used on non-Windows systems
[0.595s] INFO:colcon.colcon_core.shell:Creating environment hook '/home/minat/robust-visual-navigation/install/visual_navigation_robot/share/visual_navigation_robot/hook/ament_prefix_path.ps1'
[0.597s] INFO:colcon.colcon_core.shell:Creating environment descriptor '/home/minat/robust-visual-navigation/install/visual_navigation_robot/share/visual_navigation_robot/hook/ament_prefix_path.dsv'
[0.598s] INFO:colcon.colcon_core.shell:Creating environment hook '/home/minat/robust-visual-navigation/install/visual_navigation_robot/share/visual_navigation_robot/hook/ament_prefix_path.sh'
[0.599s] INFO:colcon.colcon_core.shell:Skip shell extension 'powershell' for command environment: Not usable outside of PowerShell
[0.600s] DEBUG:colcon.colcon_core.shell:Skip shell extension 'dsv' for command environment
[1.222s] INFO:colcon.colcon_core.task.python.build:Building Python package in '/home/minat/robust-visual-navigation/src/visual_navigation_robot'
[1.223s] INFO:colcon.colcon_core.shell:Skip shell extension 'powershell' for command environment: Not usable outside of PowerShell
[1.223s] DEBUG:colcon.colcon_core.shell:Skip shell extension 'dsv' for command environment
[2.610s] DEBUG:colcon.colcon_core.task.python.build:Available setuptools commands: develop, install_headers, bdist_dumb, saveopts, build_ext, install_scripts, clean, install, upload, alias, setopt, test, bdist, egg_info, build_py, update_catalog, dist_info, extract_messages, build_scripts, sdist, build, editable_wheel, check, register, upload_docs, compile_catalog, symlink_data, build_clib, easy_install, install_data, install_lib, bdist_wheel, rotate, install_egg_info, init_catalog, bdist_rpm, bdist_egg
[3.276s] DEBUG:colcon.colcon_core.task.python.build:Available setuptools 'develop' options: --site-dirs, --verbose, --install-layout, --zip-ok, --allow-hosts, --script-dir, --help, --find-links, --index-url, --force-installation-into-system-dir, --user, --prefix, --no-deps, --uninstall, --dry-run, --multi-version, --build-directory, --exclude-scripts, --always-copy, --no-user-cfg, --always-unzip, --egg-path, --quiet, --local-snapshots-ok, --editable, --optimize, --record, --upgrade, --install-dir, --no-find-links, --version
[3.285s] DEBUG:colcon.colcon_core.event_handler.log_command:Invoking command in '/home/minat/robust-visual-navigation/build/visual_navigation_robot': DEBUGINFOD_URLS=https://debuginfod.ubuntu.com PYTHONPATH=/home/minat/robust-visual-navigation/build/visual_navigation_robot/prefix_override:/usr/lib/python3/dist-packages/colcon_core/task/python/colcon_distutils_commands:/home/minat/robust-visual-navigation/install/visual_navigation_robot/lib/python3.12/site-packages:${PYTHONPATH} /usr/bin/python3 -W ignore:setup.py install is deprecated -W ignore:easy_install command is deprecated setup.py develop --editable --build-directory /home/minat/robust-visual-navigation/build/visual_navigation_robot/build --no-deps symlink_data
[4.538s] Level 1:colcon.colcon_core.shell:create_environment_hook('visual_navigation_robot', 'pythonpath_develop')
[4.539s] INFO:colcon.colcon_core.shell:Creating environment hook '/home/minat/robust-visual-navigation/build/visual_navigation_robot/share/visual_navigation_robot/hook/pythonpath_develop.ps1'
[4.539s] DEBUG:colcon.colcon_core.event_handler.log_command:Invoked command in '/home/minat/robust-visual-navigation/build/visual_navigation_robot' returned '0': DEBUGINFOD_URLS=https://debuginfod.ubuntu.com PYTHONPATH=/home/minat/robust-visual-navigation/build/visual_navigation_robot/prefix_override:/usr/lib/python3/dist-packages/colcon_core/task/python/colcon_distutils_commands:/home/minat/robust-visual-navigation/install/visual_navigation_robot/lib/python3.12/site-packages:${PYTHONPATH} /usr/bin/python3 -W ignore:setup.py install is deprecated -W ignore:easy_install command is deprecated setup.py develop --editable --build-directory /home/minat/robust-visual-navigation/build/visual_navigation_robot/build --no-deps symlink_data
[4.541s] INFO:colcon.colcon_core.shell:Creating environment descriptor '/home/minat/robust-visual-navigation/build/visual_navigation_robot/share/visual_navigation_robot/hook/pythonpath_develop.dsv'
[4.542s] INFO:colcon.colcon_core.shell:Creating environment hook '/home/minat/robust-visual-navigation/build/visual_navigation_robot/share/visual_navigation_robot/hook/pythonpath_develop.sh'
[4.546s] Level 1:colcon.colcon_core.environment:checking '/home/minat/robust-visual-navigation/install/visual_navigation_robot' for CMake module files
[4.547s] Level 1:colcon.colcon_core.environment:checking '/home/minat/robust-visual-navigation/install/visual_navigation_robot' for CMake config files
[4.548s] Level 1:colcon.colcon_core.environment:checking '/home/minat/robust-visual-navigation/install/visual_navigation_robot/lib'
[4.548s] Level 1:colcon.colcon_core.environment:checking '/home/minat/robust-visual-navigation/install/visual_navigation_robot/bin'
[4.548s] Level 1:colcon.colcon_core.environment:checking '/home/minat/robust-visual-navigation/install/visual_navigation_robot/lib/pkgconfig/visual_navigation_robot.pc'
[4.549s] Level 1:colcon.colcon_core.environment:checking '/home/minat/robust-visual-navigation/install/visual_navigation_robot/lib/python3.12/site-packages'
[4.549s] Level 1:colcon.colcon_core.shell:create_environment_hook('visual_navigation_robot', 'pythonpath')
[4.549s] INFO:colcon.colcon_core.shell:Creating environment hook '/home/minat/robust-visual-navigation/install/visual_navigation_robot/share/visual_navigation_robot/hook/pythonpath.ps1'
[4.550s] INFO:colcon.colcon_core.shell:Creating environment descriptor '/home/minat/robust-visual-navigation/install/visual_navigation_robot/share/visual_navigation_robot/hook/pythonpath.dsv'
[4.550s] INFO:colcon.colcon_core.shell:Creating environment hook '/home/minat/robust-visual-navigation/install/visual_navigation_robot/share/visual_navigation_robot/hook/pythonpath.sh'
[4.551s] Level 1:colcon.colcon_core.environment:checking '/home/minat/robust-visual-navigation/install/visual_navigation_robot/bin'
[4.551s] Level 1:colcon.colcon_core.environment:create_environment_scripts_only(visual_navigation_robot)
[4.552s] INFO:colcon.colcon_core.shell:Creating package script '/home/minat/robust-visual-navigation/install/visual_navigation_robot/share/visual_navigation_robot/package.ps1'
[4.554s] INFO:colcon.colcon_core.shell:Creating package descriptor '/home/minat/robust-visual-navigation/install/visual_navigation_robot/share/visual_navigation_robot/package.dsv'
[4.555s] INFO:colcon.colcon_core.shell:Creating package script '/home/minat/robust-visual-navigation/install/visual_navigation_robot/share/visual_navigation_robot/package.sh'
[4.557s] INFO:colcon.colcon_core.shell:Creating package script '/home/minat/robust-visual-navigation/install/visual_navigation_robot/share/visual_navigation_robot/package.bash'
[4.558s] INFO:colcon.colcon_core.shell:Creating package script '/home/minat/robust-visual-navigation/install/visual_navigation_robot/share/visual_navigation_robot/package.zsh'
[4.559s] Level 1:colcon.colcon_core.environment:create_file_with_runtime_dependencies(/home/minat/robust-visual-navigation/install/visual_navigation_robot/share/colcon-core/packages/visual_navigation_robot)
[4.560s] DEBUG:colcon.colcon_parallel_executor.executor.parallel:closing loop
[4.560s] DEBUG:colcon.colcon_parallel_executor.executor.parallel:loop closed
[4.561s] DEBUG:colcon.colcon_parallel_executor.executor.parallel:run_until_complete finished with '0'
[4.561s] DEBUG:colcon.colcon_core.event_reactor:joining thread
[4.569s] INFO:colcon.colcon_core.plugin_system:Skipping extension 'colcon_notification.desktop_notification.terminal_notifier': Not used on non-Darwin systems
[4.569s] INFO:colcon.colcon_core.plugin_system:Skipping extension 'colcon_notification.desktop_notification.win32': Not used on non-Windows systems
[4.569s] INFO:colcon.colcon_notification.desktop_notification:Sending desktop notification using 'notify2'
[4.612s] DEBUG:colcon.colcon_core.event_reactor:joined thread
[4.612s] INFO:colcon.colcon_core.shell:Creating prefix script '/home/minat/robust-visual-navigation/install/local_setup.ps1'
[4.613s] INFO:colcon.colcon_core.shell:Creating prefix util module '/home/minat/robust-visual-navigation/install/_local_setup_util_ps1.py'
[4.615s] INFO:colcon.colcon_core.shell:Creating prefix chain script '/home/minat/robust-visual-navigation/install/setup.ps1'
[4.616s] INFO:colcon.colcon_core.shell:Creating prefix script '/home/minat/robust-visual-navigation/install/local_setup.sh'
[4.617s] INFO:colcon.colcon_core.shell:Creating prefix util module '/home/minat/robust-visual-navigation/install/_local_setup_util_sh.py'
[4.618s] INFO:colcon.colcon_core.shell:Creating prefix chain script '/home/minat/robust-visual-navigation/install/setup.sh'
[4.620s] INFO:colcon.colcon_core.shell:Creating prefix script '/home/minat/robust-visual-navigation/install/local_setup.bash'
[4.621s] INFO:colcon.colcon_core.shell:Creating prefix chain script '/home/minat/robust-visual-navigation/install/setup.bash'
[4.623s] INFO:colcon.colcon_core.shell:Creating prefix script '/home/minat/robust-visual-navigation/install/local_setup.zsh'
[4.624s] INFO:colcon.colcon_core.shell:Creating prefix chain script '/home/minat/robust-visual-navigation/install/setup.zsh'
