[2.054s] Invoking command in '/home/minat/robust-visual-navigation/build/visual_navigation_robot': DEBUGINFOD_URLS=https://debuginfod.ubuntu.com PYTHONPATH=/home/minat/robust-visual-navigation/build/visual_navigation_robot/prefix_override:/usr/lib/python3/dist-packages/colcon_core/task/python/colcon_distutils_commands:/home/minat/robust-visual-navigation/install/visual_navigation_robot/lib/python3.12/site-packages:${PYTHONPATH} /usr/bin/python3 -W ignore:setup.py install is deprecated -W ignore:easy_install command is deprecated setup.py develop --editable --build-directory /home/minat/robust-visual-navigation/build/visual_navigation_robot/build --no-deps symlink_data
[2.577s] running develop
[2.930s] running egg_info
[2.966s] writing visual_navigation_robot.egg-info/PKG-INFO
[2.966s] writing dependency_links to visual_navigation_robot.egg-info/dependency_links.txt
[2.967s] writing entry points to visual_navigation_robot.egg-info/entry_points.txt
[2.967s] writing requirements to visual_navigation_robot.egg-info/requires.txt
[2.967s] writing top-level names to visual_navigation_robot.egg-info/top_level.txt
[3.040s] reading manifest file 'visual_navigation_robot.egg-info/SOURCES.txt'
[3.042s] writing manifest file 'visual_navigation_robot.egg-info/SOURCES.txt'
[3.077s] running build_ext
[3.078s] Creating /home/minat/robust-visual-navigation/install/visual_navigation_robot/lib/python3.12/site-packages/visual-navigation-robot.egg-link (link to .)
[3.078s] Installing experiment_logger script to /home/minat/robust-visual-navigation/install/visual_navigation_robot/lib/visual_navigation_robot
[3.078s] Installing ground_truth_publisher script to /home/minat/robust-visual-navigation/install/visual_navigation_robot/lib/visual_navigation_robot
[3.079s] Installing perception_node script to /home/minat/robust-visual-navigation/install/visual_navigation_robot/lib/visual_navigation_robot
[3.079s] Installing train_ppo script to /home/minat/robust-visual-navigation/install/visual_navigation_robot/lib/visual_navigation_robot
[3.079s] Installing visual_degradation_node script to /home/minat/robust-visual-navigation/install/visual_navigation_robot/lib/visual_navigation_robot
[3.080s] Installing visual_odometry_node script to /home/minat/robust-visual-navigation/install/visual_navigation_robot/lib/visual_navigation_robot
[3.080s] Installing waypoint_navigator script to /home/minat/robust-visual-navigation/install/visual_navigation_robot/lib/visual_navigation_robot
[3.080s] 
[3.080s] Installed /home/minat/robust-visual-navigation/build/visual_navigation_robot
[3.080s] running symlink_data
[3.081s] symbolically linking /home/minat/robust-visual-navigation/build/visual_navigation_robot/config/building_map.posegraph -> /home/minat/robust-visual-navigation/install/visual_navigation_robot/share/visual_navigation_robot/config
[3.081s] symbolically linking /home/minat/robust-visual-navigation/build/visual_navigation_robot/config/building_map.data -> /home/minat/robust-visual-navigation/install/visual_navigation_robot/share/visual_navigation_robot/config
[3.135s] Invoked command in '/home/minat/robust-visual-navigation/build/visual_navigation_robot' returned '0': DEBUGINFOD_URLS=https://debuginfod.ubuntu.com PYTHONPATH=/home/minat/robust-visual-navigation/build/visual_navigation_robot/prefix_override:/usr/lib/python3/dist-packages/colcon_core/task/python/colcon_distutils_commands:/home/minat/robust-visual-navigation/install/visual_navigation_robot/lib/python3.12/site-packages:${PYTHONPATH} /usr/bin/python3 -W ignore:setup.py install is deprecated -W ignore:easy_install command is deprecated setup.py develop --editable --build-directory /home/minat/robust-visual-navigation/build/visual_navigation_robot/build --no-deps symlink_data
