[1.643s] Invoking command in '/home/minat/robust-visual-navigation/build/visual_navigation_robot': DEBUGINFOD_URLS=https://debuginfod.ubuntu.com PYTHONPATH=/home/minat/robust-visual-navigation/build/visual_navigation_robot/prefix_override:/usr/lib/python3/dist-packages/colcon_core/task/python/colcon_distutils_commands:/home/minat/robust-visual-navigation/install/visual_navigation_robot/lib/python3.12/site-packages:${PYTHONPATH} /usr/bin/python3 -W ignore:setup.py install is deprecated -W ignore:easy_install command is deprecated setup.py develop --editable --build-directory /home/minat/robust-visual-navigation/build/visual_navigation_robot/build --no-deps symlink_data
[2.102s] running develop
[2.416s] running egg_info
[2.446s] writing visual_navigation_robot.egg-info/PKG-INFO
[2.446s] writing dependency_links to visual_navigation_robot.egg-info/dependency_links.txt
[2.446s] writing entry points to visual_navigation_robot.egg-info/entry_points.txt
[2.447s] writing requirements to visual_navigation_robot.egg-info/requires.txt
[2.447s] writing top-level names to visual_navigation_robot.egg-info/top_level.txt
[2.510s] reading manifest file 'visual_navigation_robot.egg-info/SOURCES.txt'
[2.512s] writing manifest file 'visual_navigation_robot.egg-info/SOURCES.txt'
[2.542s] running build_ext
[2.542s] Creating /home/minat/robust-visual-navigation/install/visual_navigation_robot/lib/python3.12/site-packages/visual-navigation-robot.egg-link (link to .)
[2.543s] Installing ground_truth_publisher script to /home/minat/robust-visual-navigation/install/visual_navigation_robot/lib/visual_navigation_robot
[2.543s] Installing perception_node script to /home/minat/robust-visual-navigation/install/visual_navigation_robot/lib/visual_navigation_robot
[2.543s] Installing visual_odometry_node script to /home/minat/robust-visual-navigation/install/visual_navigation_robot/lib/visual_navigation_robot
[2.544s] 
[2.544s] Installed /home/minat/robust-visual-navigation/build/visual_navigation_robot
[2.544s] running symlink_data
[2.545s] symbolically linking /home/minat/robust-visual-navigation/build/visual_navigation_robot/launch/mapping.launch.py -> /home/minat/robust-visual-navigation/install/visual_navigation_robot/share/visual_navigation_robot/launch
[2.545s] symbolically linking /home/minat/robust-visual-navigation/build/visual_navigation_robot/config/mapper_params_online_async.yaml -> /home/minat/robust-visual-navigation/install/visual_navigation_robot/share/visual_navigation_robot/config
[2.609s] Invoked command in '/home/minat/robust-visual-navigation/build/visual_navigation_robot' returned '0': DEBUGINFOD_URLS=https://debuginfod.ubuntu.com PYTHONPATH=/home/minat/robust-visual-navigation/build/visual_navigation_robot/prefix_override:/usr/lib/python3/dist-packages/colcon_core/task/python/colcon_distutils_commands:/home/minat/robust-visual-navigation/install/visual_navigation_robot/lib/python3.12/site-packages:${PYTHONPATH} /usr/bin/python3 -W ignore:setup.py install is deprecated -W ignore:easy_install command is deprecated setup.py develop --editable --build-directory /home/minat/robust-visual-navigation/build/visual_navigation_robot/build --no-deps symlink_data
