running develop
running egg_info
creating visual_navigation_robot.egg-info
writing visual_navigation_robot.egg-info/PKG-INFO
writing dependency_links to visual_navigation_robot.egg-info/dependency_links.txt
writing requirements to visual_navigation_robot.egg-info/requires.txt
writing top-level names to visual_navigation_robot.egg-info/top_level.txt
writing manifest file 'visual_navigation_robot.egg-info/SOURCES.txt'
reading manifest file 'visual_navigation_robot.egg-info/SOURCES.txt'
writing manifest file 'visual_navigation_robot.egg-info/SOURCES.txt'
running build_ext
Creating /home/minat/robust-visual-navigation/install/visual_navigation_robot/lib/python3.12/site-packages/visual-navigation-robot.egg-link (link to .)

Installed /home/minat/robust-visual-navigation/build/visual_navigation_robot
running symlink_data
creating /home/minat/robust-visual-navigation/install/visual_navigation_robot/share/ament_index
creating /home/minat/robust-visual-navigation/install/visual_navigation_robot/share/ament_index/resource_index
creating /home/minat/robust-visual-navigation/install/visual_navigation_robot/share/ament_index/resource_index/packages
symbolically linking /home/minat/robust-visual-navigation/build/visual_navigation_robot/resource/visual_navigation_robot -> /home/minat/robust-visual-navigation/install/visual_navigation_robot/share/ament_index/resource_index/packages
symbolically linking /home/minat/robust-visual-navigation/build/visual_navigation_robot/package.xml -> /home/minat/robust-visual-navigation/install/visual_navigation_robot/share/visual_navigation_robot
creating /home/minat/robust-visual-navigation/install/visual_navigation_robot/share/visual_navigation_robot/launch
creating /home/minat/robust-visual-navigation/install/visual_navigation_robot/share/visual_navigation_robot/urdf
creating /home/minat/robust-visual-navigation/install/visual_navigation_robot/share/visual_navigation_robot/worlds
creating /home/minat/robust-visual-navigation/install/visual_navigation_robot/share/visual_navigation_robot/config
creating /home/minat/robust-visual-navigation/install/visual_navigation_robot/share/visual_navigation_robot/rviz
