[1.954s] Invoking command in '/home/minat/robust-visual-navigation/build/visual_navigation_robot': DEBUGINFOD_URLS=https://debuginfod.ubuntu.com PYTHONPATH=/home/minat/robust-visual-navigation/build/visual_navigation_robot/prefix_override:/usr/lib/python3/dist-packages/colcon_core/task/python/colcon_distutils_commands:/home/minat/robust-visual-navigation/install/visual_navigation_robot/lib/python3.12/site-packages:${PYTHONPATH} /usr/bin/python3 -W ignore:setup.py install is deprecated -W ignore:easy_install command is deprecated setup.py develop --editable --build-directory /home/minat/robust-visual-navigation/build/visual_navigation_robot/build --no-deps symlink_data
[2.404s] running develop
[2.729s] running egg_info
[2.729s] creating visual_navigation_robot.egg-info
[2.758s] writing visual_navigation_robot.egg-info/PKG-INFO
[2.758s] writing dependency_links to visual_navigation_robot.egg-info/dependency_links.txt
[2.758s] writing requirements to visual_navigation_robot.egg-info/requires.txt
[2.759s] writing top-level names to visual_navigation_robot.egg-info/top_level.txt
[2.759s] writing manifest file 'visual_navigation_robot.egg-info/SOURCES.txt'
[2.819s] reading manifest file 'visual_navigation_robot.egg-info/SOURCES.txt'
[2.820s] writing manifest file 'visual_navigation_robot.egg-info/SOURCES.txt'
[2.849s] running build_ext
[2.849s] Creating /home/minat/robust-visual-navigation/install/visual_navigation_robot/lib/python3.12/site-packages/visual-navigation-robot.egg-link (link to .)
[2.849s] 
[2.849s] Installed /home/minat/robust-visual-navigation/build/visual_navigation_robot
[2.850s] running symlink_data
[2.850s] creating /home/minat/robust-visual-navigation/install/visual_navigation_robot/share/ament_index
[2.851s] creating /home/minat/robust-visual-navigation/install/visual_navigation_robot/share/ament_index/resource_index
[2.851s] creating /home/minat/robust-visual-navigation/install/visual_navigation_robot/share/ament_index/resource_index/packages
[2.851s] symbolically linking /home/minat/robust-visual-navigation/build/visual_navigation_robot/resource/visual_navigation_robot -> /home/minat/robust-visual-navigation/install/visual_navigation_robot/share/ament_index/resource_index/packages
[2.851s] symbolically linking /home/minat/robust-visual-navigation/build/visual_navigation_robot/package.xml -> /home/minat/robust-visual-navigation/install/visual_navigation_robot/share/visual_navigation_robot
[2.851s] creating /home/minat/robust-visual-navigation/install/visual_navigation_robot/share/visual_navigation_robot/launch
[2.852s] creating /home/minat/robust-visual-navigation/install/visual_navigation_robot/share/visual_navigation_robot/urdf
[2.852s] creating /home/minat/robust-visual-navigation/install/visual_navigation_robot/share/visual_navigation_robot/worlds
[2.852s] creating /home/minat/robust-visual-navigation/install/visual_navigation_robot/share/visual_navigation_robot/config
[2.853s] creating /home/minat/robust-visual-navigation/install/visual_navigation_robot/share/visual_navigation_robot/rviz
[2.941s] Invoked command in '/home/minat/robust-visual-navigation/build/visual_navigation_robot' returned '0': DEBUGINFOD_URLS=https://debuginfod.ubuntu.com PYTHONPATH=/home/minat/robust-visual-navigation/build/visual_navigation_robot/prefix_override:/usr/lib/python3/dist-packages/colcon_core/task/python/colcon_distutils_commands:/home/minat/robust-visual-navigation/install/visual_navigation_robot/lib/python3.12/site-packages:${PYTHONPATH} /usr/bin/python3 -W ignore:setup.py install is deprecated -W ignore:easy_install command is deprecated setup.py develop --editable --build-directory /home/minat/robust-visual-navigation/build/visual_navigation_robot/build --no-deps symlink_data
