running develop
running egg_info
writing visual_navigation_robot.egg-info/PKG-INFO
writing dependency_links to visual_navigation_robot.egg-info/dependency_links.txt
writing entry points to visual_navigation_robot.egg-info/entry_points.txt
writing requirements to visual_navigation_robot.egg-info/requires.txt
writing top-level names to visual_navigation_robot.egg-info/top_level.txt
reading manifest file 'visual_navigation_robot.egg-info/SOURCES.txt'
writing manifest file 'visual_navigation_robot.egg-info/SOURCES.txt'
running build_ext
Creating /home/minat/robust-visual-navigation/install/visual_navigation_robot/lib/python3.12/site-packages/visual-navigation-robot.egg-link (link to .)
Installing experiment_logger script to /home/minat/robust-visual-navigation/install/visual_navigation_robot/lib/visual_navigation_robot
Installing ground_truth_publisher script to /home/minat/robust-visual-navigation/install/visual_navigation_robot/lib/visual_navigation_robot
Installing perception_node script to /home/minat/robust-visual-navigation/install/visual_navigation_robot/lib/visual_navigation_robot
Installing train_ppo script to /home/minat/robust-visual-navigation/install/visual_navigation_robot/lib/visual_navigation_robot
Installing visual_degradation_node script to /home/minat/robust-visual-navigation/install/visual_navigation_robot/lib/visual_navigation_robot
Installing visual_odometry_node script to /home/minat/robust-visual-navigation/install/visual_navigation_robot/lib/visual_navigation_robot
Installing waypoint_navigator script to /home/minat/robust-visual-navigation/install/visual_navigation_robot/lib/visual_navigation_robot

Installed /home/minat/robust-visual-navigation/build/visual_navigation_robot
running symlink_data
symbolically linking /home/minat/robust-visual-navigation/build/visual_navigation_robot/worlds/building_world.sdf -> /home/minat/robust-visual-navigation/install/visual_navigation_robot/share/visual_navigation_robot/worlds
