[1.578s] Invoking command in '/home/minat/robust-visual-navigation/build/visual_navigation_robot': DEBUGINFOD_URLS=https://debuginfod.ubuntu.com PYTHONPATH=/home/minat/robust-visual-navigation/build/visual_navigation_robot/prefix_override:/usr/lib/python3/dist-packages/colcon_core/task/python/colcon_distutils_commands:/home/minat/robust-visual-navigation/install/visual_navigation_robot/lib/python3.12/site-packages:${PYTHONPATH} /usr/bin/python3 -W ignore:setup.py install is deprecated -W ignore:easy_install command is deprecated setup.py develop --editable --build-directory /home/minat/robust-visual-navigation/build/visual_navigation_robot/build --no-deps symlink_data
[2.087s] running develop
[2.397s] running egg_info
[2.440s] writing visual_navigation_robot.egg-info/PKG-INFO
[2.441s] writing dependency_links to visual_navigation_robot.egg-info/dependency_links.txt
[2.441s] writing requirements to visual_navigation_robot.egg-info/requires.txt
[2.441s] writing top-level names to visual_navigation_robot.egg-info/top_level.txt
[2.529s] reading manifest file 'visual_navigation_robot.egg-info/SOURCES.txt'
[2.530s] writing manifest file 'visual_navigation_robot.egg-info/SOURCES.txt'
[2.576s] running build_ext
[2.577s] Creating /home/minat/robust-visual-navigation/install/visual_navigation_robot/lib/python3.12/site-packages/visual-navigation-robot.egg-link (link to .)
[2.578s] 
[2.578s] Installed /home/minat/robust-visual-navigation/build/visual_navigation_robot
[2.578s] running symlink_data
[2.579s] symbolically linking /home/minat/robust-visual-navigation/build/visual_navigation_robot/launch/display_robot.launch.py -> /home/minat/robust-visual-navigation/install/visual_navigation_robot/share/visual_navigation_robot/launch
[2.579s] symbolically linking /home/minat/robust-visual-navigation/build/visual_navigation_robot/urdf/materials.xacro -> /home/minat/robust-visual-navigation/install/visual_navigation_robot/share/visual_navigation_robot/urdf
[2.580s] symbolically linking /home/minat/robust-visual-navigation/build/visual_navigation_robot/urdf/robot.urdf.xacro -> /home/minat/robust-visual-navigation/install/visual_navigation_robot/share/visual_navigation_robot/urdf
[2.580s] symbolically linking /home/minat/robust-visual-navigation/build/visual_navigation_robot/urdf/robot_core.xacro -> /home/minat/robust-visual-navigation/install/visual_navigation_robot/share/visual_navigation_robot/urdf
[2.581s] symbolically linking /home/minat/robust-visual-navigation/build/visual_navigation_robot/rviz/robot_view.rviz -> /home/minat/robust-visual-navigation/install/visual_navigation_robot/share/visual_navigation_robot/rviz
[2.678s] Invoked command in '/home/minat/robust-visual-navigation/build/visual_navigation_robot' returned '0': DEBUGINFOD_URLS=https://debuginfod.ubuntu.com PYTHONPATH=/home/minat/robust-visual-navigation/build/visual_navigation_robot/prefix_override:/usr/lib/python3/dist-packages/colcon_core/task/python/colcon_distutils_commands:/home/minat/robust-visual-navigation/install/visual_navigation_robot/lib/python3.12/site-packages:${PYTHONPATH} /usr/bin/python3 -W ignore:setup.py install is deprecated -W ignore:easy_install command is deprecated setup.py develop --editable --build-directory /home/minat/robust-visual-navigation/build/visual_navigation_robot/build --no-deps symlink_data
