[0.141s] DEBUG:colcon:Command line arguments: ['/usr/bin/colcon', 'build', '--symlink-install']
[0.141s] DEBUG:colcon:Parsed command line arguments: Namespace(log_base=None, log_level=None, verb_name='build', build_base='build', install_base='install', merge_install=False, symlink_install=True, test_result_base=None, continue_on_error=False, executor='parallel', parallel_workers=8, event_handlers=None, ignore_user_meta=False, metas=['./colcon.meta'], base_paths=['.'], packages_ignore=None, packages_ignore_regex=None, paths=None, packages_up_to=None, packages_up_to_regex=None, packages_above=None, packages_above_and_dependencies=None, packages_above_depth=None, packages_select_by_dep=None, packages_skip_by_dep=None, packages_skip_up_to=None, packages_select_build_failed=False, packages_skip_build_finished=False, packages_select_test_failures=False, packages_skip_test_passed=False, packages_select=None, packages_skip=None, packages_select_regex=None, packages_skip_regex=None, packages_start=None, packages_end=None, allow_overriding=[], cmake_args=None, cmake_target=None, cmake_target_skip_unavailable=False, cmake_clean_cache=False, cmake_clean_first=False, cmake_force_configure=False, ament_cmake_args=None, catkin_cmake_args=None, catkin_skip_building_tests=False, mixin_files=None, mixin=None, verb_parser=<colcon_mixin.mixin.mixin_argument.MixinArgumentDecorator object at 0x722b41e73410>, verb_extension=<colcon_core.verb.build.BuildVerb object at 0x722b41ff9ee0>, main=<bound method BuildVerb.main of <colcon_core.verb.build.BuildVerb object at 0x722b41ff9ee0>>, mixin_verb=('build',))
[0.191s] Level 1:colcon.colcon_core.package_discovery:discover_packages(colcon_meta) check parameters
[0.191s] Level 1:colcon.colcon_core.package_discovery:discover_packages(recursive) check parameters
[0.192s] Level 1:colcon.colcon_core.package_discovery:discover_packages(ignore) check parameters
[0.192s] Level 1:colcon.colcon_core.package_discovery:discover_packages(path) check parameters
[0.192s] Level 1:colcon.colcon_core.package_discovery:discover_packages(colcon_meta) discover
[0.192s] Level 1:colcon.colcon_core.package_discovery:discover_packages(recursive) discover
[0.192s] INFO:colcon.colcon_core.package_discovery:Crawling recursively for packages in '/home/minat/robust-visual-navigation'
[0.192s] Level 1:colcon.colcon_core.package_identification:_identify(.) by extensions ['ignore', 'ignore_ament_install']
[0.192s] Level 1:colcon.colcon_core.package_identification:_identify(.) by extension 'ignore'
[0.192s] Level 1:colcon.colcon_core.package_identification:_identify(.) by extension 'ignore_ament_install'
[0.192s] Level 1:colcon.colcon_core.package_identification:_identify(.) by extensions ['colcon_pkg']
[0.192s] Level 1:colcon.colcon_core.package_identification:_identify(.) by extension 'colcon_pkg'
[0.192s] Level 1:colcon.colcon_core.package_identification:_identify(.) by extensions ['colcon_meta']
[0.192s] Level 1:colcon.colcon_core.package_identification:_identify(.) by extension 'colcon_meta'
[0.192s] Level 1:colcon.colcon_core.package_identification:_identify(.) by extensions ['ros']
[0.192s] Level 1:colcon.colcon_core.package_identification:_identify(.) by extension 'ros'
[0.230s] Level 1:colcon.colcon_core.package_identification:_identify(.) by extensions ['cmake', 'python']
[0.230s] Level 1:colcon.colcon_core.package_identification:_identify(.) by extension 'cmake'
[0.230s] Level 1:colcon.colcon_core.package_identification:_identify(.) by extension 'python'
[0.230s] Level 1:colcon.colcon_core.package_identification:_identify(.) by extensions ['python_setup_py']
[0.230s] Level 1:colcon.colcon_core.package_identification:_identify(.) by extension 'python_setup_py'
[0.230s] Level 1:colcon.colcon_core.package_identification:_identify(build) by extensions ['ignore', 'ignore_ament_install']
[0.230s] Level 1:colcon.colcon_core.package_identification:_identify(build) by extension 'ignore'
[0.230s] Level 1:colcon.colcon_core.package_identification:_identify(build) ignored
[0.231s] Level 1:colcon.colcon_core.package_identification:_identify(docs) by extensions ['ignore', 'ignore_ament_install']
[0.231s] Level 1:colcon.colcon_core.package_identification:_identify(docs) by extension 'ignore'
[0.231s] Level 1:colcon.colcon_core.package_identification:_identify(docs) by extension 'ignore_ament_install'
[0.231s] Level 1:colcon.colcon_core.package_identification:_identify(docs) by extensions ['colcon_pkg']
[0.231s] Level 1:colcon.colcon_core.package_identification:_identify(docs) by extension 'colcon_pkg'
[0.231s] Level 1:colcon.colcon_core.package_identification:_identify(docs) by extensions ['colcon_meta']
[0.231s] Level 1:colcon.colcon_core.package_identification:_identify(docs) by extension 'colcon_meta'
[0.231s] Level 1:colcon.colcon_core.package_identification:_identify(docs) by extensions ['ros']
[0.231s] Level 1:colcon.colcon_core.package_identification:_identify(docs) by extension 'ros'
[0.231s] Level 1:colcon.colcon_core.package_identification:_identify(docs) by extensions ['cmake', 'python']
[0.231s] Level 1:colcon.colcon_core.package_identification:_identify(docs) by extension 'cmake'
[0.231s] Level 1:colcon.colcon_core.package_identification:_identify(docs) by extension 'python'
[0.231s] Level 1:colcon.colcon_core.package_identification:_identify(docs) by extensions ['python_setup_py']
[0.231s] Level 1:colcon.colcon_core.package_identification:_identify(docs) by extension 'python_setup_py'
[0.231s] Level 1:colcon.colcon_core.package_identification:_identify(install) by extensions ['ignore', 'ignore_ament_install']
[0.232s] Level 1:colcon.colcon_core.package_identification:_identify(install) by extension 'ignore'
[0.232s] Level 1:colcon.colcon_core.package_identification:_identify(install) ignored
[0.232s] Level 1:colcon.colcon_core.package_identification:_identify(log) by extensions ['ignore', 'ignore_ament_install']
[0.232s] Level 1:colcon.colcon_core.package_identification:_identify(log) by extension 'ignore'
[0.232s] Level 1:colcon.colcon_core.package_identification:_identify(log) ignored
[0.232s] Level 1:colcon.colcon_core.package_identification:_identify(src) by extensions ['ignore', 'ignore_ament_install']
[0.232s] Level 1:colcon.colcon_core.package_identification:_identify(src) by extension 'ignore'
[0.232s] Level 1:colcon.colcon_core.package_identification:_identify(src) by extension 'ignore_ament_install'
[0.232s] Level 1:colcon.colcon_core.package_identification:_identify(src) by extensions ['colcon_pkg']
[0.232s] Level 1:colcon.colcon_core.package_identification:_identify(src) by extension 'colcon_pkg'
[0.232s] Level 1:colcon.colcon_core.package_identification:_identify(src) by extensions ['colcon_meta']
[0.232s] Level 1:colcon.colcon_core.package_identification:_identify(src) by extension 'colcon_meta'
[0.232s] Level 1:colcon.colcon_core.package_identification:_identify(src) by extensions ['ros']
[0.232s] Level 1:colcon.colcon_core.package_identification:_identify(src) by extension 'ros'
[0.233s] Level 1:colcon.colcon_core.package_identification:_identify(src) by extensions ['cmake', 'python']
[0.233s] Level 1:colcon.colcon_core.package_identification:_identify(src) by extension 'cmake'
[0.233s] Level 1:colcon.colcon_core.package_identification:_identify(src) by extension 'python'
[0.233s] Level 1:colcon.colcon_core.package_identification:_identify(src) by extensions ['python_setup_py']
[0.233s] Level 1:colcon.colcon_core.package_identification:_identify(src) by extension 'python_setup_py'
[0.233s] Level 1:colcon.colcon_core.package_identification:_identify(src/visual_navigation_robot) by extensions ['ignore', 'ignore_ament_install']
[0.233s] Level 1:colcon.colcon_core.package_identification:_identify(src/visual_navigation_robot) by extension 'ignore'
[0.233s] Level 1:colcon.colcon_core.package_identification:_identify(src/visual_navigation_robot) by extension 'ignore_ament_install'
[0.233s] Level 1:colcon.colcon_core.package_identification:_identify(src/visual_navigation_robot) by extensions ['colcon_pkg']
[0.233s] Level 1:colcon.colcon_core.package_identification:_identify(src/visual_navigation_robot) by extension 'colcon_pkg'
[0.233s] Level 1:colcon.colcon_core.package_identification:_identify(src/visual_navigation_robot) by extensions ['colcon_meta']
[0.233s] Level 1:colcon.colcon_core.package_identification:_identify(src/visual_navigation_robot) by extension 'colcon_meta'
[0.233s] Level 1:colcon.colcon_core.package_identification:_identify(src/visual_navigation_robot) by extensions ['ros']
[0.233s] Level 1:colcon.colcon_core.package_identification:_identify(src/visual_navigation_robot) by extension 'ros'
[0.237s] DEBUG:colcon.colcon_core.package_identification:Package 'src/visual_navigation_robot' with type 'ros.ament_python' and name 'visual_navigation_robot'
[0.237s] Level 1:colcon.colcon_core.package_discovery:discover_packages(recursive) using defaults
[0.237s] Level 1:colcon.colcon_core.package_discovery:discover_packages(ignore) discover
[0.237s] Level 1:colcon.colcon_core.package_discovery:discover_packages(ignore) using defaults
[0.237s] Level 1:colcon.colcon_core.package_discovery:discover_packages(path) discover
[0.237s] Level 1:colcon.colcon_core.package_discovery:discover_packages(path) using defaults
[0.262s] Level 1:colcon.colcon_core.package_discovery:discover_packages(prefix_path) check parameters
[0.262s] Level 1:colcon.colcon_core.package_discovery:discover_packages(prefix_path) discover
[0.264s] DEBUG:colcon.colcon_installed_package_information.package_discovery:Found 1 installed packages in /home/minat/robust-visual-navigation/install
[0.266s] DEBUG:colcon.colcon_installed_package_information.package_discovery:Found 326 installed packages in /opt/ros/kilted
[0.268s] Level 1:colcon.colcon_core.package_discovery:discover_packages(prefix_path) using defaults
[0.350s] Level 5:colcon.colcon_core.verb:set package 'visual_navigation_robot' build argument 'cmake_args' from command line to 'None'
[0.350s] Level 5:colcon.colcon_core.verb:set package 'visual_navigation_robot' build argument 'cmake_target' from command line to 'None'
[0.350s] Level 5:colcon.colcon_core.verb:set package 'visual_navigation_robot' build argument 'cmake_target_skip_unavailable' from command line to 'False'
[0.351s] Level 5:colcon.colcon_core.verb:set package 'visual_navigation_robot' build argument 'cmake_clean_cache' from command line to 'False'
[0.351s] Level 5:colcon.colcon_core.verb:set package 'visual_navigation_robot' build argument 'cmake_clean_first' from command line to 'False'
[0.351s] Level 5:colcon.colcon_core.verb:set package 'visual_navigation_robot' build argument 'cmake_force_configure' from command line to 'False'
[0.351s] Level 5:colcon.colcon_core.verb:set package 'visual_navigation_robot' build argument 'ament_cmake_args' from command line to 'None'
[0.351s] Level 5:colcon.colcon_core.verb:set package 'visual_navigation_robot' build argument 'catkin_cmake_args' from command line to 'None'
[0.351s] Level 5:colcon.colcon_core.verb:set package 'visual_navigation_robot' build argument 'catkin_skip_building_tests' from command line to 'False'
[0.351s] DEBUG:colcon.colcon_core.verb:Building package 'visual_navigation_robot' with the following arguments: {'ament_cmake_args': None, 'build_base': '/home/minat/robust-visual-navigation/build/visual_navigation_robot', 'catkin_cmake_args': None, 'catkin_skip_building_tests': False, 'cmake_args': None, 'cmake_clean_cache': False, 'cmake_clean_first': False, 'cmake_force_configure': False, 'cmake_target': None, 'cmake_target_skip_unavailable': False, 'install_base': '/home/minat/robust-visual-navigation/install/visual_navigation_robot', 'merge_install': False, 'path': '/home/minat/robust-visual-navigation/src/visual_navigation_robot', 'symlink_install': True, 'test_result_base': None}
[0.351s] INFO:colcon.colcon_core.executor:Executing jobs using 'parallel' executor
[0.352s] DEBUG:colcon.colcon_parallel_executor.executor.parallel:run_until_complete
[0.352s] INFO:colcon.colcon_ros.task.ament_python.build:Building ROS package in '/home/minat/robust-visual-navigation/src/visual_navigation_robot' with build type 'ament_python'
[0.352s] Level 1:colcon.colcon_core.shell:create_environment_hook('visual_navigation_robot', 'ament_prefix_path')
[0.355s] INFO:colcon.colcon_core.plugin_system:Skipping extension 'colcon_core.shell.bat': Not used on non-Windows systems
[0.355s] INFO:colcon.colcon_core.shell:Creating environment hook '/home/minat/robust-visual-navigation/install/visual_navigation_robot/share/visual_navigation_robot/hook/ament_prefix_path.ps1'
[0.356s] INFO:colcon.colcon_core.shell:Creating environment descriptor '/home/minat/robust-visual-navigation/install/visual_navigation_robot/share/visual_navigation_robot/hook/ament_prefix_path.dsv'
[0.356s] INFO:colcon.colcon_core.shell:Creating environment hook '/home/minat/robust-visual-navigation/install/visual_navigation_robot/share/visual_navigation_robot/hook/ament_prefix_path.sh'
[0.357s] INFO:colcon.colcon_core.shell:Skip shell extension 'powershell' for command environment: Not usable outside of PowerShell
[0.357s] DEBUG:colcon.colcon_core.shell:Skip shell extension 'dsv' for command environment
[0.738s] INFO:colcon.colcon_core.task.python.build:Building Python package in '/home/minat/robust-visual-navigation/src/visual_navigation_robot'
[0.738s] INFO:colcon.colcon_core.shell:Skip shell extension 'powershell' for command environment: Not usable outside of PowerShell
[0.738s] DEBUG:colcon.colcon_core.shell:Skip shell extension 'dsv' for command environment
[1.508s] DEBUG:colcon.colcon_core.task.python.build:Available setuptools commands: sdist, register, update_catalog, dist_info, editable_wheel, rotate, develop, install_data, build_py, install_headers, compile_catalog, symlink_data, easy_install, test, egg_info, install_scripts, upload_docs, extract_messages, bdist_wheel, check, install_egg_info, bdist_dumb, build_scripts, bdist, build, setopt, bdist_egg, build_ext, install, build_clib, install_lib, bdist_rpm, init_catalog, upload, clean, saveopts, alias
[1.926s] DEBUG:colcon.colcon_core.task.python.build:Available setuptools 'develop' options: --editable, --find-links, --script-dir, --prefix, --record, --uninstall, --no-user-cfg, --site-dirs, --version, --optimize, --quiet, --verbose, --local-snapshots-ok, --always-copy, --no-find-links, --dry-run, --allow-hosts, --force-installation-into-system-dir, --index-url, --install-layout, --egg-path, --exclude-scripts, --build-directory, --user, --upgrade, --install-dir, --zip-ok, --help, --multi-version, --no-deps, --always-unzip
[1.931s] DEBUG:colcon.colcon_core.event_handler.log_command:Invoking command in '/home/minat/robust-visual-navigation/build/visual_navigation_robot': DEBUGINFOD_URLS=https://debuginfod.ubuntu.com PYTHONPATH=/home/minat/robust-visual-navigation/build/visual_navigation_robot/prefix_override:/usr/lib/python3/dist-packages/colcon_core/task/python/colcon_distutils_commands:/home/minat/robust-visual-navigation/install/visual_navigation_robot/lib/python3.12/site-packages:${PYTHONPATH} /usr/bin/python3 -W ignore:setup.py install is deprecated -W ignore:easy_install command is deprecated setup.py develop --editable --build-directory /home/minat/robust-visual-navigation/build/visual_navigation_robot/build --no-deps symlink_data
[3.029s] Level 1:colcon.colcon_core.shell:create_environment_hook('visual_navigation_robot', 'pythonpath_develop')
[3.029s] INFO:colcon.colcon_core.shell:Creating environment hook '/home/minat/robust-visual-navigation/build/visual_navigation_robot/share/visual_navigation_robot/hook/pythonpath_develop.ps1'
[3.030s] DEBUG:colcon.colcon_core.event_handler.log_command:Invoked command in '/home/minat/robust-visual-navigation/build/visual_navigation_robot' returned '0': DEBUGINFOD_URLS=https://debuginfod.ubuntu.com PYTHONPATH=/home/minat/robust-visual-navigation/build/visual_navigation_robot/prefix_override:/usr/lib/python3/dist-packages/colcon_core/task/python/colcon_distutils_commands:/home/minat/robust-visual-navigation/install/visual_navigation_robot/lib/python3.12/site-packages:${PYTHONPATH} /usr/bin/python3 -W ignore:setup.py install is deprecated -W ignore:easy_install command is deprecated setup.py develop --editable --build-directory /home/minat/robust-visual-navigation/build/visual_navigation_robot/build --no-deps symlink_data
[3.031s] INFO:colcon.colcon_core.shell:Creating environment descriptor '/home/minat/robust-visual-navigation/build/visual_navigation_robot/share/visual_navigation_robot/hook/pythonpath_develop.dsv'
[3.031s] INFO:colcon.colcon_core.shell:Creating environment hook '/home/minat/robust-visual-navigation/build/visual_navigation_robot/share/visual_navigation_robot/hook/pythonpath_develop.sh'
[3.035s] Level 1:colcon.colcon_core.environment:checking '/home/minat/robust-visual-navigation/install/visual_navigation_robot' for CMake module files
[3.036s] Level 1:colcon.colcon_core.environment:checking '/home/minat/robust-visual-navigation/install/visual_navigation_robot' for CMake config files
[3.038s] Level 1:colcon.colcon_core.environment:checking '/home/minat/robust-visual-navigation/install/visual_navigation_robot/lib'
[3.038s] Level 1:colcon.colcon_core.environment:checking '/home/minat/robust-visual-navigation/install/visual_navigation_robot/bin'
[3.038s] Level 1:colcon.colcon_core.environment:checking '/home/minat/robust-visual-navigation/install/visual_navigation_robot/lib/pkgconfig/visual_navigation_robot.pc'
[3.038s] Level 1:colcon.colcon_core.environment:checking '/home/minat/robust-visual-navigation/install/visual_navigation_robot/lib/python3.12/site-packages'
[3.038s] Level 1:colcon.colcon_core.shell:create_environment_hook('visual_navigation_robot', 'pythonpath')
[3.039s] INFO:colcon.colcon_core.shell:Creating environment hook '/home/minat/robust-visual-navigation/install/visual_navigation_robot/share/visual_navigation_robot/hook/pythonpath.ps1'
[3.039s] INFO:colcon.colcon_core.shell:Creating environment descriptor '/home/minat/robust-visual-navigation/install/visual_navigation_robot/share/visual_navigation_robot/hook/pythonpath.dsv'
[3.040s] INFO:colcon.colcon_core.shell:Creating environment hook '/home/minat/robust-visual-navigation/install/visual_navigation_robot/share/visual_navigation_robot/hook/pythonpath.sh'
[3.041s] Level 1:colcon.colcon_core.environment:checking '/home/minat/robust-visual-navigation/install/visual_navigation_robot/bin'
[3.042s] Level 1:colcon.colcon_core.environment:create_environment_scripts_only(visual_navigation_robot)
[3.042s] INFO:colcon.colcon_core.shell:Creating package script '/home/minat/robust-visual-navigation/install/visual_navigation_robot/share/visual_navigation_robot/package.ps1'
[3.044s] INFO:colcon.colcon_core.shell:Creating package descriptor '/home/minat/robust-visual-navigation/install/visual_navigation_robot/share/visual_navigation_robot/package.dsv'
[3.045s] INFO:colcon.colcon_core.shell:Creating package script '/home/minat/robust-visual-navigation/install/visual_navigation_robot/share/visual_navigation_robot/package.sh'
[3.046s] INFO:colcon.colcon_core.shell:Creating package script '/home/minat/robust-visual-navigation/install/visual_navigation_robot/share/visual_navigation_robot/package.bash'
[3.047s] INFO:colcon.colcon_core.shell:Creating package script '/home/minat/robust-visual-navigation/install/visual_navigation_robot/share/visual_navigation_robot/package.zsh'
[3.048s] Level 1:colcon.colcon_core.environment:create_file_with_runtime_dependencies(/home/minat/robust-visual-navigation/install/visual_navigation_robot/share/colcon-core/packages/visual_navigation_robot)
[3.049s] DEBUG:colcon.colcon_parallel_executor.executor.parallel:closing loop
[3.050s] DEBUG:colcon.colcon_parallel_executor.executor.parallel:loop closed
[3.050s] DEBUG:colcon.colcon_parallel_executor.executor.parallel:run_until_complete finished with '0'
[3.050s] DEBUG:colcon.colcon_core.event_reactor:joining thread
[3.062s] INFO:colcon.colcon_core.plugin_system:Skipping extension 'colcon_notification.desktop_notification.terminal_notifier': Not used on non-Darwin systems
[3.063s] INFO:colcon.colcon_core.plugin_system:Skipping extension 'colcon_notification.desktop_notification.win32': Not used on non-Windows systems
[3.063s] INFO:colcon.colcon_notification.desktop_notification:Sending desktop notification using 'notify2'
[3.081s] DEBUG:colcon.colcon_core.event_reactor:joined thread
[3.081s] INFO:colcon.colcon_core.shell:Creating prefix script '/home/minat/robust-visual-navigation/install/local_setup.ps1'
[3.082s] INFO:colcon.colcon_core.shell:Creating prefix util module '/home/minat/robust-visual-navigation/install/_local_setup_util_ps1.py'
[3.084s] INFO:colcon.colcon_core.shell:Creating prefix chain script '/home/minat/robust-visual-navigation/install/setup.ps1'
[3.086s] INFO:colcon.colcon_core.shell:Creating prefix script '/home/minat/robust-visual-navigation/install/local_setup.sh'
[3.087s] INFO:colcon.colcon_core.shell:Creating prefix util module '/home/minat/robust-visual-navigation/install/_local_setup_util_sh.py'
[3.088s] INFO:colcon.colcon_core.shell:Creating prefix chain script '/home/minat/robust-visual-navigation/install/setup.sh'
[3.090s] INFO:colcon.colcon_core.shell:Creating prefix script '/home/minat/robust-visual-navigation/install/local_setup.bash'
[3.091s] INFO:colcon.colcon_core.shell:Creating prefix chain script '/home/minat/robust-visual-navigation/install/setup.bash'
[3.093s] INFO:colcon.colcon_core.shell:Creating prefix script '/home/minat/robust-visual-navigation/install/local_setup.zsh'
[3.094s] INFO:colcon.colcon_core.shell:Creating prefix chain script '/home/minat/robust-visual-navigation/install/setup.zsh'
