[0.201s] DEBUG:colcon:Command line arguments: ['/usr/bin/colcon', 'build', '--symlink-install', '--packages-select', 'visual_navigation_robot']
[0.201s] DEBUG:colcon:Parsed command line arguments: Namespace(log_base=None, log_level=None, verb_name='build', build_base='build', install_base='install', merge_install=False, symlink_install=True, test_result_base=None, continue_on_error=False, executor='parallel', parallel_workers=8, event_handlers=None, ignore_user_meta=False, metas=['./colcon.meta'], base_paths=['.'], packages_ignore=None, packages_ignore_regex=None, paths=None, packages_up_to=None, packages_up_to_regex=None, packages_above=None, packages_above_and_dependencies=None, packages_above_depth=None, packages_select_by_dep=None, packages_skip_by_dep=None, packages_skip_up_to=None, packages_select_build_failed=False, packages_skip_build_finished=False, packages_select_test_failures=False, packages_skip_test_passed=False, packages_select=['visual_navigation_robot'], packages_skip=None, packages_select_regex=None, packages_skip_regex=None, packages_start=None, packages_end=None, allow_overriding=[], cmake_args=None, cmake_target=None, cmake_target_skip_unavailable=False, cmake_clean_cache=False, cmake_clean_first=False, cmake_force_configure=False, ament_cmake_args=None, catkin_cmake_args=None, catkin_skip_building_tests=False, mixin_files=None, mixin=None, verb_parser=<colcon_mixin.mixin.mixin_argument.MixinArgumentDecorator object at 0x776b184d3a70>, verb_extension=<colcon_core.verb.build.BuildVerb object at 0x776b18414680>, main=<bound method BuildVerb.main of <colcon_core.verb.build.BuildVerb object at 0x776b18414680>>, mixin_verb=('build',))
[0.295s] Level 1:colcon.colcon_core.package_discovery:discover_packages(colcon_meta) check parameters
[0.295s] Level 1:colcon.colcon_core.package_discovery:discover_packages(recursive) check parameters
[0.296s] Level 1:colcon.colcon_core.package_discovery:discover_packages(ignore) check parameters
[0.296s] Level 1:colcon.colcon_core.package_discovery:discover_packages(path) check parameters
[0.296s] Level 1:colcon.colcon_core.package_discovery:discover_packages(colcon_meta) discover
[0.296s] Level 1:colcon.colcon_core.package_discovery:discover_packages(recursive) discover
[0.297s] INFO:colcon.colcon_core.package_discovery:Crawling recursively for packages in '/home/minat/robust-visual-navigation'
[0.297s] Level 1:colcon.colcon_core.package_identification:_identify(.) by extensions ['ignore', 'ignore_ament_install']
[0.297s] Level 1:colcon.colcon_core.package_identification:_identify(.) by extension 'ignore'
[0.298s] Level 1:colcon.colcon_core.package_identification:_identify(.) by extension 'ignore_ament_install'
[0.298s] Level 1:colcon.colcon_core.package_identification:_identify(.) by extensions ['colcon_pkg']
[0.298s] Level 1:colcon.colcon_core.package_identification:_identify(.) by extension 'colcon_pkg'
[0.298s] Level 1:colcon.colcon_core.package_identification:_identify(.) by extensions ['colcon_meta']
[0.298s] Level 1:colcon.colcon_core.package_identification:_identify(.) by extension 'colcon_meta'
[0.298s] Level 1:colcon.colcon_core.package_identification:_identify(.) by extensions ['ros']
[0.298s] Level 1:colcon.colcon_core.package_identification:_identify(.) by extension 'ros'
[0.361s] Level 1:colcon.colcon_core.package_identification:_identify(.) by extensions ['cmake', 'python']
[0.361s] Level 1:colcon.colcon_core.package_identification:_identify(.) by extension 'cmake'
[0.361s] Level 1:colcon.colcon_core.package_identification:_identify(.) by extension 'python'
[0.362s] Level 1:colcon.colcon_core.package_identification:_identify(.) by extensions ['python_setup_py']
[0.362s] Level 1:colcon.colcon_core.package_identification:_identify(.) by extension 'python_setup_py'
[0.362s] Level 1:colcon.colcon_core.package_identification:_identify(build) by extensions ['ignore', 'ignore_ament_install']
[0.362s] Level 1:colcon.colcon_core.package_identification:_identify(build) by extension 'ignore'
[0.363s] Level 1:colcon.colcon_core.package_identification:_identify(build) ignored
[0.363s] Level 1:colcon.colcon_core.package_identification:_identify(docs) by extensions ['ignore', 'ignore_ament_install']
[0.363s] Level 1:colcon.colcon_core.package_identification:_identify(docs) by extension 'ignore'
[0.363s] Level 1:colcon.colcon_core.package_identification:_identify(docs) by extension 'ignore_ament_install'
[0.364s] Level 1:colcon.colcon_core.package_identification:_identify(docs) by extensions ['colcon_pkg']
[0.364s] Level 1:colcon.colcon_core.package_identification:_identify(docs) by extension 'colcon_pkg'
[0.364s] Level 1:colcon.colcon_core.package_identification:_identify(docs) by extensions ['colcon_meta']
[0.364s] Level 1:colcon.colcon_core.package_identification:_identify(docs) by extension 'colcon_meta'
[0.364s] Level 1:colcon.colcon_core.package_identification:_identify(docs) by extensions ['ros']
[0.364s] Level 1:colcon.colcon_core.package_identification:_identify(docs) by extension 'ros'
[0.365s] Level 1:colcon.colcon_core.package_identification:_identify(docs) by extensions ['cmake', 'python']
[0.365s] Level 1:colcon.colcon_core.package_identification:_identify(docs) by extension 'cmake'
[0.365s] Level 1:colcon.colcon_core.package_identification:_identify(docs) by extension 'python'
[0.365s] Level 1:colcon.colcon_core.package_identification:_identify(docs) by extensions ['python_setup_py']
[0.365s] Level 1:colcon.colcon_core.package_identification:_identify(docs) by extension 'python_setup_py'
[0.365s] Level 1:colcon.colcon_core.package_identification:_identify(experiments) by extensions ['ignore', 'ignore_ament_install']
[0.366s] Level 1:colcon.colcon_core.package_identification:_identify(experiments) by extension 'ignore'
[0.366s] Level 1:colcon.colcon_core.package_identification:_identify(experiments) by extension 'ignore_ament_install'
[0.366s] Level 1:colcon.colcon_core.package_identification:_identify(experiments) by extensions ['colcon_pkg']
[0.366s] Level 1:colcon.colcon_core.package_identification:_identify(experiments) by extension 'colcon_pkg'
[0.366s] Level 1:colcon.colcon_core.package_identification:_identify(experiments) by extensions ['colcon_meta']
[0.366s] Level 1:colcon.colcon_core.package_identification:_identify(experiments) by extension 'colcon_meta'
[0.366s] Level 1:colcon.colcon_core.package_identification:_identify(experiments) by extensions ['ros']
[0.366s] Level 1:colcon.colcon_core.package_identification:_identify(experiments) by extension 'ros'
[0.366s] Level 1:colcon.colcon_core.package_identification:_identify(experiments) by extensions ['cmake', 'python']
[0.366s] Level 1:colcon.colcon_core.package_identification:_identify(experiments) by extension 'cmake'
[0.366s] Level 1:colcon.colcon_core.package_identification:_identify(experiments) by extension 'python'
[0.367s] Level 1:colcon.colcon_core.package_identification:_identify(experiments) by extensions ['python_setup_py']
[0.367s] Level 1:colcon.colcon_core.package_identification:_identify(experiments) by extension 'python_setup_py'
[0.367s] Level 1:colcon.colcon_core.package_identification:_identify(experiments/models) by extensions ['ignore', 'ignore_ament_install']
[0.367s] Level 1:colcon.colcon_core.package_identification:_identify(experiments/models) by extension 'ignore'
[0.367s] Level 1:colcon.colcon_core.package_identification:_identify(experiments/models) by extension 'ignore_ament_install'
[0.367s] Level 1:colcon.colcon_core.package_identification:_identify(experiments/models) by extensions ['colcon_pkg']
[0.367s] Level 1:colcon.colcon_core.package_identification:_identify(experiments/models) by extension 'colcon_pkg'
[0.367s] Level 1:colcon.colcon_core.package_identification:_identify(experiments/models) by extensions ['colcon_meta']
[0.367s] Level 1:colcon.colcon_core.package_identification:_identify(experiments/models) by extension 'colcon_meta'
[0.368s] Level 1:colcon.colcon_core.package_identification:_identify(experiments/models) by extensions ['ros']
[0.368s] Level 1:colcon.colcon_core.package_identification:_identify(experiments/models) by extension 'ros'
[0.368s] Level 1:colcon.colcon_core.package_identification:_identify(experiments/models) by extensions ['cmake', 'python']
[0.368s] Level 1:colcon.colcon_core.package_identification:_identify(experiments/models) by extension 'cmake'
[0.368s] Level 1:colcon.colcon_core.package_identification:_identify(experiments/models) by extension 'python'
[0.368s] Level 1:colcon.colcon_core.package_identification:_identify(experiments/models) by extensions ['python_setup_py']
[0.368s] Level 1:colcon.colcon_core.package_identification:_identify(experiments/models) by extension 'python_setup_py'
[0.368s] Level 1:colcon.colcon_core.package_identification:_identify(experiments/raw) by extensions ['ignore', 'ignore_ament_install']
[0.368s] Level 1:colcon.colcon_core.package_identification:_identify(experiments/raw) by extension 'ignore'
[0.369s] Level 1:colcon.colcon_core.package_identification:_identify(experiments/raw) by extension 'ignore_ament_install'
[0.369s] Level 1:colcon.colcon_core.package_identification:_identify(experiments/raw) by extensions ['colcon_pkg']
[0.369s] Level 1:colcon.colcon_core.package_identification:_identify(experiments/raw) by extension 'colcon_pkg'
[0.369s] Level 1:colcon.colcon_core.package_identification:_identify(experiments/raw) by extensions ['colcon_meta']
[0.369s] Level 1:colcon.colcon_core.package_identification:_identify(experiments/raw) by extension 'colcon_meta'
[0.369s] Level 1:colcon.colcon_core.package_identification:_identify(experiments/raw) by extensions ['ros']
[0.369s] Level 1:colcon.colcon_core.package_identification:_identify(experiments/raw) by extension 'ros'
[0.369s] Level 1:colcon.colcon_core.package_identification:_identify(experiments/raw) by extensions ['cmake', 'python']
[0.369s] Level 1:colcon.colcon_core.package_identification:_identify(experiments/raw) by extension 'cmake'
[0.369s] Level 1:colcon.colcon_core.package_identification:_identify(experiments/raw) by extension 'python'
[0.369s] Level 1:colcon.colcon_core.package_identification:_identify(experiments/raw) by extensions ['python_setup_py']
[0.370s] Level 1:colcon.colcon_core.package_identification:_identify(experiments/raw) by extension 'python_setup_py'
[0.370s] Level 1:colcon.colcon_core.package_identification:_identify(experiments/tables) by extensions ['ignore', 'ignore_ament_install']
[0.370s] Level 1:colcon.colcon_core.package_identification:_identify(experiments/tables) by extension 'ignore'
[0.370s] Level 1:colcon.colcon_core.package_identification:_identify(experiments/tables) by extension 'ignore_ament_install'
[0.370s] Level 1:colcon.colcon_core.package_identification:_identify(experiments/tables) by extensions ['colcon_pkg']
[0.370s] Level 1:colcon.colcon_core.package_identification:_identify(experiments/tables) by extension 'colcon_pkg'
[0.370s] Level 1:colcon.colcon_core.package_identification:_identify(experiments/tables) by extensions ['colcon_meta']
[0.370s] Level 1:colcon.colcon_core.package_identification:_identify(experiments/tables) by extension 'colcon_meta'
[0.370s] Level 1:colcon.colcon_core.package_identification:_identify(experiments/tables) by extensions ['ros']
[0.370s] Level 1:colcon.colcon_core.package_identification:_identify(experiments/tables) by extension 'ros'
[0.371s] Level 1:colcon.colcon_core.package_identification:_identify(experiments/tables) by extensions ['cmake', 'python']
[0.371s] Level 1:colcon.colcon_core.package_identification:_identify(experiments/tables) by extension 'cmake'
[0.371s] Level 1:colcon.colcon_core.package_identification:_identify(experiments/tables) by extension 'python'
[0.371s] Level 1:colcon.colcon_core.package_identification:_identify(experiments/tables) by extensions ['python_setup_py']
[0.371s] Level 1:colcon.colcon_core.package_identification:_identify(experiments/tables) by extension 'python_setup_py'
[0.371s] Level 1:colcon.colcon_core.package_identification:_identify(install) by extensions ['ignore', 'ignore_ament_install']
[0.371s] Level 1:colcon.colcon_core.package_identification:_identify(install) by extension 'ignore'
[0.371s] Level 1:colcon.colcon_core.package_identification:_identify(install) ignored
[0.372s] Level 1:colcon.colcon_core.package_identification:_identify(log) by extensions ['ignore', 'ignore_ament_install']
[0.372s] Level 1:colcon.colcon_core.package_identification:_identify(log) by extension 'ignore'
[0.372s] Level 1:colcon.colcon_core.package_identification:_identify(log) ignored
[0.372s] Level 1:colcon.colcon_core.package_identification:_identify(src) by extensions ['ignore', 'ignore_ament_install']
[0.372s] Level 1:colcon.colcon_core.package_identification:_identify(src) by extension 'ignore'
[0.372s] Level 1:colcon.colcon_core.package_identification:_identify(src) by extension 'ignore_ament_install'
[0.373s] Level 1:colcon.colcon_core.package_identification:_identify(src) by extensions ['colcon_pkg']
[0.373s] Level 1:colcon.colcon_core.package_identification:_identify(src) by extension 'colcon_pkg'
[0.373s] Level 1:colcon.colcon_core.package_identification:_identify(src) by extensions ['colcon_meta']
[0.373s] Level 1:colcon.colcon_core.package_identification:_identify(src) by extension 'colcon_meta'
[0.373s] Level 1:colcon.colcon_core.package_identification:_identify(src) by extensions ['ros']
[0.373s] Level 1:colcon.colcon_core.package_identification:_identify(src) by extension 'ros'
[0.373s] Level 1:colcon.colcon_core.package_identification:_identify(src) by extensions ['cmake', 'python']
[0.373s] Level 1:colcon.colcon_core.package_identification:_identify(src) by extension 'cmake'
[0.373s] Level 1:colcon.colcon_core.package_identification:_identify(src) by extension 'python'
[0.373s] Level 1:colcon.colcon_core.package_identification:_identify(src) by extensions ['python_setup_py']
[0.373s] Level 1:colcon.colcon_core.package_identification:_identify(src) by extension 'python_setup_py'
[0.374s] Level 1:colcon.colcon_core.package_identification:_identify(src/visual_navigation_robot) by extensions ['ignore', 'ignore_ament_install']
[0.374s] Level 1:colcon.colcon_core.package_identification:_identify(src/visual_navigation_robot) by extension 'ignore'
[0.374s] Level 1:colcon.colcon_core.package_identification:_identify(src/visual_navigation_robot) by extension 'ignore_ament_install'
[0.374s] Level 1:colcon.colcon_core.package_identification:_identify(src/visual_navigation_robot) by extensions ['colcon_pkg']
[0.374s] Level 1:colcon.colcon_core.package_identification:_identify(src/visual_navigation_robot) by extension 'colcon_pkg'
[0.374s] Level 1:colcon.colcon_core.package_identification:_identify(src/visual_navigation_robot) by extensions ['colcon_meta']
[0.374s] Level 1:colcon.colcon_core.package_identification:_identify(src/visual_navigation_robot) by extension 'colcon_meta'
[0.374s] Level 1:colcon.colcon_core.package_identification:_identify(src/visual_navigation_robot) by extensions ['ros']
[0.374s] Level 1:colcon.colcon_core.package_identification:_identify(src/visual_navigation_robot) by extension 'ros'
[0.386s] DEBUG:colcon.colcon_core.package_identification:Package 'src/visual_navigation_robot' with type 'ros.ament_python' and name 'visual_navigation_robot'
[0.386s] Level 1:colcon.colcon_core.package_discovery:discover_packages(recursive) using defaults
[0.387s] Level 1:colcon.colcon_core.package_discovery:discover_packages(ignore) discover
[0.387s] Level 1:colcon.colcon_core.package_discovery:discover_packages(ignore) using defaults
[0.387s] Level 1:colcon.colcon_core.package_discovery:discover_packages(path) discover
[0.387s] Level 1:colcon.colcon_core.package_discovery:discover_packages(path) using defaults
[0.417s] Level 1:colcon.colcon_core.package_discovery:discover_packages(prefix_path) check parameters
[0.417s] Level 1:colcon.colcon_core.package_discovery:discover_packages(prefix_path) discover
[0.420s] DEBUG:colcon.colcon_installed_package_information.package_discovery:Found 1 installed packages in /home/minat/robust-visual-navigation/install
[0.423s] DEBUG:colcon.colcon_installed_package_information.package_discovery:Found 404 installed packages in /opt/ros/kilted
[0.426s] Level 1:colcon.colcon_core.package_discovery:discover_packages(prefix_path) using defaults
[0.532s] Level 5:colcon.colcon_core.verb:set package 'visual_navigation_robot' build argument 'cmake_args' from command line to 'None'
[0.533s] Level 5:colcon.colcon_core.verb:set package 'visual_navigation_robot' build argument 'cmake_target' from command line to 'None'
[0.533s] Level 5:colcon.colcon_core.verb:set package 'visual_navigation_robot' build argument 'cmake_target_skip_unavailable' from command line to 'False'
[0.533s] Level 5:colcon.colcon_core.verb:set package 'visual_navigation_robot' build argument 'cmake_clean_cache' from command line to 'False'
[0.533s] Level 5:colcon.colcon_core.verb:set package 'visual_navigation_robot' build argument 'cmake_clean_first' from command line to 'False'
[0.533s] Level 5:colcon.colcon_core.verb:set package 'visual_navigation_robot' build argument 'cmake_force_configure' from command line to 'False'
[0.533s] Level 5:colcon.colcon_core.verb:set package 'visual_navigation_robot' build argument 'ament_cmake_args' from command line to 'None'
[0.533s] Level 5:colcon.colcon_core.verb:set package 'visual_navigation_robot' build argument 'catkin_cmake_args' from command line to 'None'
[0.533s] Level 5:colcon.colcon_core.verb:set package 'visual_navigation_robot' build argument 'catkin_skip_building_tests' from command line to 'False'
[0.533s] DEBUG:colcon.colcon_core.verb:Building package 'visual_navigation_robot' with the following arguments: {'ament_cmake_args': None, 'build_base': '/home/minat/robust-visual-navigation/build/visual_navigation_robot', 'catkin_cmake_args': None, 'catkin_skip_building_tests': False, 'cmake_args': None, 'cmake_clean_cache': False, 'cmake_clean_first': False, 'cmake_force_configure': False, 'cmake_target': None, 'cmake_target_skip_unavailable': False, 'install_base': '/home/minat/robust-visual-navigation/install/visual_navigation_robot', 'merge_install': False, 'path': '/home/minat/robust-visual-navigation/src/visual_navigation_robot', 'symlink_install': True, 'test_result_base': None}
[0.533s] INFO:colcon.colcon_core.executor:Executing jobs using 'parallel' executor
[0.536s] DEBUG:colcon.colcon_parallel_executor.executor.parallel:run_until_complete
[0.536s] INFO:colcon.colcon_ros.task.ament_python.build:Building ROS package in '/home/minat/robust-visual-navigation/src/visual_navigation_robot' with build type 'ament_python'
[0.537s] Level 1:colcon.colcon_core.shell:create_environment_hook('visual_navigation_robot', 'ament_prefix_path')
[0.542s] INFO:colcon.colcon_core.plugin_system:Skipping extension 'colcon_core.shell.bat': Not used on non-Windows systems
[0.543s] INFO:colcon.colcon_core.shell:Creating environment hook '/home/minat/robust-visual-navigation/install/visual_navigation_robot/share/visual_navigation_robot/hook/ament_prefix_path.ps1'
[0.544s] INFO:colcon.colcon_core.shell:Creating environment descriptor '/home/minat/robust-visual-navigation/install/visual_navigation_robot/share/visual_navigation_robot/hook/ament_prefix_path.dsv'
[0.546s] INFO:colcon.colcon_core.shell:Creating environment hook '/home/minat/robust-visual-navigation/install/visual_navigation_robot/share/visual_navigation_robot/hook/ament_prefix_path.sh'
[0.547s] INFO:colcon.colcon_core.shell:Skip shell extension 'powershell' for command environment: Not usable outside of PowerShell
[0.548s] DEBUG:colcon.colcon_core.shell:Skip shell extension 'dsv' for command environment
[0.945s] INFO:colcon.colcon_core.task.python.build:Building Python package in '/home/minat/robust-visual-navigation/src/visual_navigation_robot'
[0.945s] INFO:colcon.colcon_core.shell:Skip shell extension 'powershell' for command environment: Not usable outside of PowerShell
[0.945s] DEBUG:colcon.colcon_core.shell:Skip shell extension 'dsv' for command environment
[1.894s] DEBUG:colcon.colcon_core.task.python.build:Available setuptools commands: init_catalog, register, build, alias, symlink_data, build_clib, bdist_wheel, build_ext, develop, bdist, bdist_egg, bdist_dumb, setopt, install_lib, saveopts, install_data, upload, install_scripts, dist_info, clean, test, check, sdist, egg_info, build_scripts, build_py, rotate, install_headers, editable_wheel, update_catalog, easy_install, extract_messages, upload_docs, install, bdist_rpm, compile_catalog, install_egg_info
[2.411s] DEBUG:colcon.colcon_core.task.python.build:Available setuptools 'develop' options: --index-url, --no-deps, --user, --optimize, --egg-path, --quiet, --site-dirs, --editable, --script-dir, --always-unzip, --help, --allow-hosts, --build-directory, --force-installation-into-system-dir, --find-links, --always-copy, --uninstall, --upgrade, --local-snapshots-ok, --multi-version, --verbose, --no-find-links, --version, --zip-ok, --record, --install-dir, --no-user-cfg, --dry-run, --prefix, --install-layout, --exclude-scripts
[2.415s] DEBUG:colcon.colcon_core.event_handler.log_command:Invoking command in '/home/minat/robust-visual-navigation/build/visual_navigation_robot': DEBUGINFOD_URLS=https://debuginfod.ubuntu.com PYTHONPATH=/home/minat/robust-visual-navigation/build/visual_navigation_robot/prefix_override:/usr/lib/python3/dist-packages/colcon_core/task/python/colcon_distutils_commands:/home/minat/robust-visual-navigation/install/visual_navigation_robot/lib/python3.12/site-packages:${PYTHONPATH} /usr/bin/python3 -W ignore:setup.py install is deprecated -W ignore:easy_install command is deprecated setup.py develop --editable --build-directory /home/minat/robust-visual-navigation/build/visual_navigation_robot/build --no-deps symlink_data
[3.566s] Level 1:colcon.colcon_core.shell:create_environment_hook('visual_navigation_robot', 'pythonpath_develop')
[3.567s] INFO:colcon.colcon_core.shell:Creating environment hook '/home/minat/robust-visual-navigation/build/visual_navigation_robot/share/visual_navigation_robot/hook/pythonpath_develop.ps1'
[3.568s] DEBUG:colcon.colcon_core.event_handler.log_command:Invoked command in '/home/minat/robust-visual-navigation/build/visual_navigation_robot' returned '0': DEBUGINFOD_URLS=https://debuginfod.ubuntu.com PYTHONPATH=/home/minat/robust-visual-navigation/build/visual_navigation_robot/prefix_override:/usr/lib/python3/dist-packages/colcon_core/task/python/colcon_distutils_commands:/home/minat/robust-visual-navigation/install/visual_navigation_robot/lib/python3.12/site-packages:${PYTHONPATH} /usr/bin/python3 -W ignore:setup.py install is deprecated -W ignore:easy_install command is deprecated setup.py develop --editable --build-directory /home/minat/robust-visual-navigation/build/visual_navigation_robot/build --no-deps symlink_data
[3.569s] INFO:colcon.colcon_core.shell:Creating environment descriptor '/home/minat/robust-visual-navigation/build/visual_navigation_robot/share/visual_navigation_robot/hook/pythonpath_develop.dsv'
[3.570s] INFO:colcon.colcon_core.shell:Creating environment hook '/home/minat/robust-visual-navigation/build/visual_navigation_robot/share/visual_navigation_robot/hook/pythonpath_develop.sh'
[3.575s] Level 1:colcon.colcon_core.environment:checking '/home/minat/robust-visual-navigation/install/visual_navigation_robot' for CMake module files
[3.577s] Level 1:colcon.colcon_core.environment:checking '/home/minat/robust-visual-navigation/install/visual_navigation_robot' for CMake config files
[3.579s] Level 1:colcon.colcon_core.environment:checking '/home/minat/robust-visual-navigation/install/visual_navigation_robot/lib'
[3.580s] Level 1:colcon.colcon_core.environment:checking '/home/minat/robust-visual-navigation/install/visual_navigation_robot/bin'
[3.580s] Level 1:colcon.colcon_core.environment:checking '/home/minat/robust-visual-navigation/install/visual_navigation_robot/lib/pkgconfig/visual_navigation_robot.pc'
[3.581s] Level 1:colcon.colcon_core.environment:checking '/home/minat/robust-visual-navigation/install/visual_navigation_robot/lib/python3.12/site-packages'
[3.581s] Level 1:colcon.colcon_core.shell:create_environment_hook('visual_navigation_robot', 'pythonpath')
[3.582s] INFO:colcon.colcon_core.shell:Creating environment hook '/home/minat/robust-visual-navigation/install/visual_navigation_robot/share/visual_navigation_robot/hook/pythonpath.ps1'
[3.583s] INFO:colcon.colcon_core.shell:Creating environment descriptor '/home/minat/robust-visual-navigation/install/visual_navigation_robot/share/visual_navigation_robot/hook/pythonpath.dsv'
[3.584s] INFO:colcon.colcon_core.shell:Creating environment hook '/home/minat/robust-visual-navigation/install/visual_navigation_robot/share/visual_navigation_robot/hook/pythonpath.sh'
[3.586s] Level 1:colcon.colcon_core.environment:checking '/home/minat/robust-visual-navigation/install/visual_navigation_robot/bin'
[3.587s] Level 1:colcon.colcon_core.environment:create_environment_scripts_only(visual_navigation_robot)
[3.588s] INFO:colcon.colcon_core.shell:Creating package script '/home/minat/robust-visual-navigation/install/visual_navigation_robot/share/visual_navigation_robot/package.ps1'
[3.591s] INFO:colcon.colcon_core.shell:Creating package descriptor '/home/minat/robust-visual-navigation/install/visual_navigation_robot/share/visual_navigation_robot/package.dsv'
[3.593s] INFO:colcon.colcon_core.shell:Creating package script '/home/minat/robust-visual-navigation/install/visual_navigation_robot/share/visual_navigation_robot/package.sh'
[3.596s] INFO:colcon.colcon_core.shell:Creating package script '/home/minat/robust-visual-navigation/install/visual_navigation_robot/share/visual_navigation_robot/package.bash'
[3.598s] INFO:colcon.colcon_core.shell:Creating package script '/home/minat/robust-visual-navigation/install/visual_navigation_robot/share/visual_navigation_robot/package.zsh'
[3.599s] Level 1:colcon.colcon_core.environment:create_file_with_runtime_dependencies(/home/minat/robust-visual-navigation/install/visual_navigation_robot/share/colcon-core/packages/visual_navigation_robot)
[3.601s] DEBUG:colcon.colcon_parallel_executor.executor.parallel:closing loop
[3.601s] DEBUG:colcon.colcon_parallel_executor.executor.parallel:loop closed
[3.602s] DEBUG:colcon.colcon_parallel_executor.executor.parallel:run_until_complete finished with '0'
[3.602s] DEBUG:colcon.colcon_core.event_reactor:joining thread
[3.618s] INFO:colcon.colcon_core.plugin_system:Skipping extension 'colcon_notification.desktop_notification.terminal_notifier': Not used on non-Darwin systems
[3.618s] INFO:colcon.colcon_core.plugin_system:Skipping extension 'colcon_notification.desktop_notification.win32': Not used on non-Windows systems
[3.618s] INFO:colcon.colcon_notification.desktop_notification:Sending desktop notification using 'notify2'
[3.653s] DEBUG:colcon.colcon_core.event_reactor:joined thread
[3.654s] INFO:colcon.colcon_core.shell:Creating prefix script '/home/minat/robust-visual-navigation/install/local_setup.ps1'
[3.656s] INFO:colcon.colcon_core.shell:Creating prefix util module '/home/minat/robust-visual-navigation/install/_local_setup_util_ps1.py'
[3.659s] INFO:colcon.colcon_core.shell:Creating prefix chain script '/home/minat/robust-visual-navigation/install/setup.ps1'
[3.662s] INFO:colcon.colcon_core.shell:Creating prefix script '/home/minat/robust-visual-navigation/install/local_setup.sh'
[3.664s] INFO:colcon.colcon_core.shell:Creating prefix util module '/home/minat/robust-visual-navigation/install/_local_setup_util_sh.py'
[3.665s] INFO:colcon.colcon_core.shell:Creating prefix chain script '/home/minat/robust-visual-navigation/install/setup.sh'
[3.669s] INFO:colcon.colcon_core.shell:Creating prefix script '/home/minat/robust-visual-navigation/install/local_setup.bash'
[3.670s] INFO:colcon.colcon_core.shell:Creating prefix chain script '/home/minat/robust-visual-navigation/install/setup.bash'
[3.673s] INFO:colcon.colcon_core.shell:Creating prefix script '/home/minat/robust-visual-navigation/install/local_setup.zsh'
[3.675s] INFO:colcon.colcon_core.shell:Creating prefix chain script '/home/minat/robust-visual-navigation/install/setup.zsh'
