[1.884s] Invoking command in '/home/minat/robust-visual-navigation/build/visual_navigation_robot': DEBUGINFOD_URLS=https://debuginfod.ubuntu.com PYTHONPATH=/home/minat/robust-visual-navigation/build/visual_navigation_robot/prefix_override:/usr/lib/python3/dist-packages/colcon_core/task/python/colcon_distutils_commands:/home/minat/robust-visual-navigation/install/visual_navigation_robot/lib/python3.12/site-packages:${PYTHONPATH} /usr/bin/python3 -W ignore:setup.py install is deprecated -W ignore:easy_install command is deprecated setup.py develop --editable --build-directory /home/minat/robust-visual-navigation/build/visual_navigation_robot/build --no-deps symlink_data
[2.427s] running develop
[2.818s] running egg_info
[2.855s] writing visual_navigation_robot.egg-info/PKG-INFO
[2.855s] writing dependency_links to visual_navigation_robot.egg-info/dependency_links.txt
[2.856s] writing entry points to visual_navigation_robot.egg-info/entry_points.txt
[2.856s] writing requirements to visual_navigation_robot.egg-info/requires.txt
[2.856s] writing top-level names to visual_navigation_robot.egg-info/top_level.txt
[2.937s] reading manifest file 'visual_navigation_robot.egg-info/SOURCES.txt'
[2.939s] writing manifest file 'visual_navigation_robot.egg-info/SOURCES.txt'
[2.980s] running build_ext
[2.981s] Creating /home/minat/robust-visual-navigation/install/visual_navigation_robot/lib/python3.12/site-packages/visual-navigation-robot.egg-link (link to .)
[2.981s] Installing experiment_logger script to /home/minat/robust-visual-navigation/install/visual_navigation_robot/lib/visual_navigation_robot
[2.982s] Installing ground_truth_publisher script to /home/minat/robust-visual-navigation/install/visual_navigation_robot/lib/visual_navigation_robot
[2.982s] Installing perception_node script to /home/minat/robust-visual-navigation/install/visual_navigation_robot/lib/visual_navigation_robot
[2.983s] Installing train_ppo script to /home/minat/robust-visual-navigation/install/visual_navigation_robot/lib/visual_navigation_robot
[2.983s] Installing visual_degradation_node script to /home/minat/robust-visual-navigation/install/visual_navigation_robot/lib/visual_navigation_robot
[2.983s] Installing visual_odometry_node script to /home/minat/robust-visual-navigation/install/visual_navigation_robot/lib/visual_navigation_robot
[2.984s] Installing waypoint_navigator script to /home/minat/robust-visual-navigation/install/visual_navigation_robot/lib/visual_navigation_robot
[2.984s] 
[2.984s] Installed /home/minat/robust-visual-navigation/build/visual_navigation_robot
[2.984s] running symlink_data
[3.048s] Invoked command in '/home/minat/robust-visual-navigation/build/visual_navigation_robot' returned '0': DEBUGINFOD_URLS=https://debuginfod.ubuntu.com PYTHONPATH=/home/minat/robust-visual-navigation/build/visual_navigation_robot/prefix_override:/usr/lib/python3/dist-packages/colcon_core/task/python/colcon_distutils_commands:/home/minat/robust-visual-navigation/install/visual_navigation_robot/lib/python3.12/site-packages:${PYTHONPATH} /usr/bin/python3 -W ignore:setup.py install is deprecated -W ignore:easy_install command is deprecated setup.py develop --editable --build-directory /home/minat/robust-visual-navigation/build/visual_navigation_robot/build --no-deps symlink_data
